#-----------------------------------------------------------
# Vivado v2023.2 (64-bit)
# SW Build 4029153 on Fri Oct 13 20:14:34 MDT 2023
# IP Build 4028589 on Sat Oct 14 00:45:43 MDT 2023
# SharedData Build 4025554 on Tue Oct 10 17:18:54 MDT 2023
# Start of session at: Fri Apr 19 00:16:42 2024
# Process ID: 5476
# Current directory: C:/Users/OmenLaptop/Vivado/IP_design3_Q3/IP_design3_Q3.runs/impl_1
# Command line: vivado.exe -log design_IP_design3_Q3_wrapper.vdi -applog -product Vivado -messageDb vivado.pb -mode batch -source design_IP_design3_Q3_wrapper.tcl -notrace
# Log file: C:/Users/OmenLaptop/Vivado/IP_design3_Q3/IP_design3_Q3.runs/impl_1/design_IP_design3_Q3_wrapper.vdi
# Journal file: C:/Users/OmenLaptop/Vivado/IP_design3_Q3/IP_design3_Q3.runs/impl_1\vivado.jou
# Running On: OmenLaptop, OS: Windows, CPU Frequency: 2918 MHz, CPU Physical cores: 14, Host memory: 42598 MB
#-----------------------------------------------------------
source design_IP_design3_Q3_wrapper.tcl -notrace
