
*** Running vivado
    with args -log design_IP_design3_Q3_wrapper.vds -m64 -product Vivado -mode batch -messageDb vivado.pb -notrace -source design_IP_design3_Q3_wrapper.tcl


ECHO is off.
ECHO is off.

****** Vivado v2023.2 (64-bit)
  **** SW Build 4029153 on Fri Oct 13 20:14:34 MDT 2023
  **** IP Build 4028589 on Sat Oct 14 00:45:43 MDT 2023
  **** SharedData Build 4025554 on Tue Oct 10 17:18:54 MDT 2023
    ** Copyright 1986-2022 Xilinx, Inc. All Rights Reserved.
    ** Copyright 2022-2023 Advanced Micro Devices, Inc. All Rights Reserved.

source design_IP_design3_Q3_wrapper.tcl -notrace
create_project: Time (s): cpu = 00:00:03 ; elapsed = 00:00:06 . Memory (MB): peak = 507.508 ; gain = 221.883
INFO: [IP_Flow 19-234] Refreshing IP repositories
INFO: [IP_Flow 19-1700] Loaded user IP repository 'c:/Users/OmenLaptop/Vivado/design_EX3_1and2'.
INFO: [IP_Flow 19-2313] Loaded Vivado IP repository 'C:/Xilinx/Vivado/2023.2/data/ip'.
Command: read_checkpoint -auto_incremental -incremental C:/Users/OmenLaptop/Vivado/IP_design3_Q3/IP_design3_Q3.srcs/utils_1/imports/synth_1/design_IP_design3_Q3_wrapper.dcp
INFO: [Vivado 12-5825] Read reference checkpoint from C:/Users/OmenLaptop/Vivado/IP_design3_Q3/IP_design3_Q3.srcs/utils_1/imports/synth_1/design_IP_design3_Q3_wrapper.dcp for incremental synthesis
INFO: [Vivado 12-7989] Please ensure there are no constraint changes
Command: synth_design -top design_IP_design3_Q3_wrapper -part xc7a35tcpg236-1
Starting synth_design
Attempting to get a license for feature 'Synthesis' and/or device 'xc7a35t'
INFO: [Common 17-349] Got license for feature 'Synthesis' and/or device 'xc7a35t'
INFO: [Device 21-403] Loading part xc7a35tcpg236-1
INFO: [Designutils 20-5440] No compile time benefit to using incremental synthesis; A full resynthesis will be run
INFO: [Designutils 20-4379] Flow is switching to default flow due to incremental criteria not met. If you would like to alter this behaviour and have the flow terminate instead, please set the following parameter config_implementation {autoIncr.Synth.RejectBehavior Terminate}
INFO: [Synth 8-7079] Multithreading enabled for synth_design using a maximum of 2 processes.
INFO: [Synth 8-7078] Launching helper process for spawning children vivado processes
INFO: [Synth 8-7075] Helper process launched with PID 16776
---------------------------------------------------------------------------------
Starting RTL Elaboration : Time (s): cpu = 00:00:02 ; elapsed = 00:00:03 . Memory (MB): peak = 1348.520 ; gain = 440.922
---------------------------------------------------------------------------------
INFO: [Synth 8-638] synthesizing module 'design_IP_design3_Q3_wrapper' [C:/Users/OmenLaptop/Vivado/IP_design3_Q3/IP_design3_Q3.gen/sources_1/bd/design_IP_design3_Q3/hdl/design_IP_design3_Q3_wrapper.vhd:25]
INFO: [Synth 8-3491] module 'design_IP_design3_Q3' declared at 'c:/Users/OmenLaptop/Vivado/IP_design3_Q3/IP_design3_Q3.gen/sources_1/bd/design_IP_design3_Q3/synth/design_IP_design3_Q3.vhd:15' bound to instance 'design_IP_design3_Q3_i' of component 'design_IP_design3_Q3' [C:/Users/OmenLaptop/Vivado/IP_design3_Q3/IP_design3_Q3.gen/sources_1/bd/design_IP_design3_Q3/hdl/design_IP_design3_Q3_wrapper.vhd:36]
INFO: [Synth 8-638] synthesizing module 'design_IP_design3_Q3' [c:/Users/OmenLaptop/Vivado/IP_design3_Q3/IP_design3_Q3.gen/sources_1/bd/design_IP_design3_Q3/synth/design_IP_design3_Q3.vhd:29]
INFO: [Synth 8-3491] module 'design_IP_design3_Q3_blk_mem_gen_0_0' declared at 'C:/Users/OmenLaptop/Vivado/IP_design3_Q3/IP_design3_Q3.runs/synth_1/.Xil/Vivado-16456-OmenLaptop/realtime/design_IP_design3_Q3_blk_mem_gen_0_0_stub.vhdl:6' bound to instance 'blk_mem_gen_0' of component 'design_IP_design3_Q3_blk_mem_gen_0_0' [c:/Users/OmenLaptop/Vivado/IP_design3_Q3/IP_design3_Q3.gen/sources_1/bd/design_IP_design3_Q3/synth/design_IP_design3_Q3.vhd:59]
INFO: [Synth 8-638] synthesizing module 'design_IP_design3_Q3_blk_mem_gen_0_0' [C:/Users/OmenLaptop/Vivado/IP_design3_Q3/IP_design3_Q3.runs/synth_1/.Xil/Vivado-16456-OmenLaptop/realtime/design_IP_design3_Q3_blk_mem_gen_0_0_stub.vhdl:15]
INFO: [Synth 8-3491] module 'design_IP_design3_Q3_design_EX3_1and2_0_0' declared at 'C:/Users/OmenLaptop/Vivado/IP_design3_Q3/IP_design3_Q3.runs/synth_1/.Xil/Vivado-16456-OmenLaptop/realtime/design_IP_design3_Q3_design_EX3_1and2_0_0_stub.vhdl:6' bound to instance 'design_EX3_1and2_0' of component 'design_IP_design3_Q3_design_EX3_1and2_0_0' [c:/Users/OmenLaptop/Vivado/IP_design3_Q3/IP_design3_Q3.gen/sources_1/bd/design_IP_design3_Q3/synth/design_IP_design3_Q3.vhd:65]
INFO: [Synth 8-638] synthesizing module 'design_IP_design3_Q3_design_EX3_1and2_0_0' [C:/Users/OmenLaptop/Vivado/IP_design3_Q3/IP_design3_Q3.runs/synth_1/.Xil/Vivado-16456-OmenLaptop/realtime/design_IP_design3_Q3_design_EX3_1and2_0_0_stub.vhdl:15]
INFO: [Synth 8-256] done synthesizing module 'design_IP_design3_Q3' (0#1) [c:/Users/OmenLaptop/Vivado/IP_design3_Q3/IP_design3_Q3.gen/sources_1/bd/design_IP_design3_Q3/synth/design_IP_design3_Q3.vhd:29]
INFO: [Synth 8-256] done synthesizing module 'design_IP_design3_Q3_wrapper' (0#1) [C:/Users/OmenLaptop/Vivado/IP_design3_Q3/IP_design3_Q3.gen/sources_1/bd/design_IP_design3_Q3/hdl/design_IP_design3_Q3_wrapper.vhd:25]
---------------------------------------------------------------------------------
Finished RTL Elaboration : Time (s): cpu = 00:00:02 ; elapsed = 00:00:05 . Memory (MB): peak = 1458.723 ; gain = 551.125
---------------------------------------------------------------------------------
---------------------------------------------------------------------------------
Start Handling Custom Attributes
---------------------------------------------------------------------------------
---------------------------------------------------------------------------------
Finished Handling Custom Attributes : Time (s): cpu = 00:00:02 ; elapsed = 00:00:05 . Memory (MB): peak = 1458.723 ; gain = 551.125
---------------------------------------------------------------------------------
---------------------------------------------------------------------------------
Finished RTL Optimization Phase 1 : Time (s): cpu = 00:00:02 ; elapsed = 00:00:05 . Memory (MB): peak = 1458.723 ; gain = 551.125
---------------------------------------------------------------------------------
Netlist sorting complete. Time (s): cpu = 00:00:00 ; elapsed = 00:00:00 . Memory (MB): peak = 1458.723 ; gain = 0.000
INFO: [Project 1-570] Preparing netlist for logic optimization

Processing XDC Constraints
Initializing timing engine
Parsing XDC File [c:/Users/OmenLaptop/Vivado/IP_design3_Q3/IP_design3_Q3.gen/sources_1/bd/design_IP_design3_Q3/ip/design_IP_design3_Q3_blk_mem_gen_0_0/design_IP_design3_Q3_blk_mem_gen_0_0/design_IP_design3_Q3_blk_mem_gen_0_0_in_context.xdc] for cell 'design_IP_design3_Q3_i/blk_mem_gen_0'
Finished Parsing XDC File [c:/Users/OmenLaptop/Vivado/IP_design3_Q3/IP_design3_Q3.gen/sources_1/bd/design_IP_design3_Q3/ip/design_IP_design3_Q3_blk_mem_gen_0_0/design_IP_design3_Q3_blk_mem_gen_0_0/design_IP_design3_Q3_blk_mem_gen_0_0_in_context.xdc] for cell 'design_IP_design3_Q3_i/blk_mem_gen_0'
Parsing XDC File [c:/Users/OmenLaptop/Vivado/IP_design3_Q3/IP_design3_Q3.gen/sources_1/bd/design_IP_design3_Q3/ip/design_IP_design3_Q3_design_EX3_1and2_0_0/design_IP_design3_Q3_design_EX3_1and2_0_0/design_IP_design3_Q3_design_EX3_1and2_0_0_in_context.xdc] for cell 'design_IP_design3_Q3_i/design_EX3_1and2_0'
Finished Parsing XDC File [c:/Users/OmenLaptop/Vivado/IP_design3_Q3/IP_design3_Q3.gen/sources_1/bd/design_IP_design3_Q3/ip/design_IP_design3_Q3_design_EX3_1and2_0_0/design_IP_design3_Q3_design_EX3_1and2_0_0/design_IP_design3_Q3_design_EX3_1and2_0_0_in_context.xdc] for cell 'design_IP_design3_Q3_i/design_EX3_1and2_0'
Parsing XDC File [C:/Users/OmenLaptop/Vivado/IP_design3_Q3/IP_design3_Q3.srcs/constrs_1/new/IP_Design3_Q3_CF.xdc]
Finished Parsing XDC File [C:/Users/OmenLaptop/Vivado/IP_design3_Q3/IP_design3_Q3.srcs/constrs_1/new/IP_Design3_Q3_CF.xdc]
INFO: [Project 1-236] Implementation specific constraints were found while reading constraint file [C:/Users/OmenLaptop/Vivado/IP_design3_Q3/IP_design3_Q3.srcs/constrs_1/new/IP_Design3_Q3_CF.xdc]. These constraints will be ignored for synthesis but will be used in implementation. Impacted constraints are listed in the file [.Xil/design_IP_design3_Q3_wrapper_propImpl.xdc].
Resolution: To avoid this warning, move constraints listed in [.Xil/design_IP_design3_Q3_wrapper_propImpl.xdc] to another XDC file and exclude this new file from synthesis with the used_in_synthesis property (File Properties dialog in GUI) and re-run elaboration/synthesis.
Parsing XDC File [C:/Users/OmenLaptop/Vivado/IP_design3_Q3/IP_design3_Q3.runs/synth_1/dont_touch.xdc]
Finished Parsing XDC File [C:/Users/OmenLaptop/Vivado/IP_design3_Q3/IP_design3_Q3.runs/synth_1/dont_touch.xdc]
Completed Processing XDC Constraints

Netlist sorting complete. Time (s): cpu = 00:00:00 ; elapsed = 00:00:00 . Memory (MB): peak = 1463.875 ; gain = 0.000
INFO: [Project 1-111] Unisim Transformation Summary:
No Unisim elements were transformed.

The system cannot find the path specified.
Constraint Validation Runtime : Time (s): cpu = 00:00:00 ; elapsed = 00:00:00.002 . Memory (MB): peak = 1463.875 ; gain = 0.000
INFO: [Designutils 20-5440] No compile time benefit to using incremental synthesis; A full resynthesis will be run
INFO: [Designutils 20-4379] Flow is switching to default flow due to incremental criteria not met. If you would like to alter this behaviour and have the flow terminate instead, please set the following parameter config_implementation {autoIncr.Synth.RejectBehavior Terminate}
---------------------------------------------------------------------------------
Finished Constraint Validation : Time (s): cpu = 00:00:05 ; elapsed = 00:00:10 . Memory (MB): peak = 1463.875 ; gain = 556.277
---------------------------------------------------------------------------------
---------------------------------------------------------------------------------
Start Loading Part and Timing Information
---------------------------------------------------------------------------------
Loading part: xc7a35tcpg236-1
---------------------------------------------------------------------------------
Finished Loading Part and Timing Information : Time (s): cpu = 00:00:05 ; elapsed = 00:00:10 . Memory (MB): peak = 1463.875 ; gain = 556.277
---------------------------------------------------------------------------------
---------------------------------------------------------------------------------
Start Applying 'set_property' XDC Constraints
---------------------------------------------------------------------------------
Applied set_property KEEP_HIERARCHY = SOFT for design_IP_design3_Q3_i. (constraint file  auto generated constraint).
Applied set_property KEEP_HIERARCHY = SOFT for design_IP_design3_Q3_i/blk_mem_gen_0. (constraint file  auto generated constraint).
Applied set_property KEEP_HIERARCHY = SOFT for design_IP_design3_Q3_i/design_EX3_1and2_0. (constraint file  auto generated constraint).
---------------------------------------------------------------------------------
Finished applying 'set_property' XDC Constraints : Time (s): cpu = 00:00:05 ; elapsed = 00:00:10 . Memory (MB): peak = 1463.875 ; gain = 556.277
---------------------------------------------------------------------------------
---------------------------------------------------------------------------------
Finished RTL Optimization Phase 2 : Time (s): cpu = 00:00:05 ; elapsed = 00:00:10 . Memory (MB): peak = 1463.875 ; gain = 556.277
---------------------------------------------------------------------------------
---------------------------------------------------------------------------------
Start RTL Component Statistics 
---------------------------------------------------------------------------------
Detailed RTL Component Info : 
---------------------------------------------------------------------------------
Finished RTL Component Statistics 
---------------------------------------------------------------------------------
---------------------------------------------------------------------------------
Start Part Resource Summary
---------------------------------------------------------------------------------
Part Resources:
DSPs: 90 (col length:60)
BRAMs: 100 (col length: RAMB18 60 RAMB36 30)
---------------------------------------------------------------------------------
Finished Part Resource Summary
---------------------------------------------------------------------------------
---------------------------------------------------------------------------------
Start Cross Boundary and Area Optimization
---------------------------------------------------------------------------------
WARNING: [Synth 8-7080] Parallel synthesis criteria is not met
---------------------------------------------------------------------------------
Finished Cross Boundary and Area Optimization : Time (s): cpu = 00:00:05 ; elapsed = 00:00:11 . Memory (MB): peak = 1463.875 ; gain = 556.277
---------------------------------------------------------------------------------
---------------------------------------------------------------------------------
Start Applying XDC Timing Constraints
---------------------------------------------------------------------------------
---------------------------------------------------------------------------------
Finished Applying XDC Timing Constraints : Time (s): cpu = 00:00:07 ; elapsed = 00:00:15 . Memory (MB): peak = 1463.875 ; gain = 556.277
---------------------------------------------------------------------------------
---------------------------------------------------------------------------------
Start Timing Optimization
---------------------------------------------------------------------------------
---------------------------------------------------------------------------------
Finished Timing Optimization : Time (s): cpu = 00:00:07 ; elapsed = 00:00:15 . Memory (MB): peak = 1463.875 ; gain = 556.277
---------------------------------------------------------------------------------
---------------------------------------------------------------------------------
Start Technology Mapping
---------------------------------------------------------------------------------
---------------------------------------------------------------------------------
Finished Technology Mapping : Time (s): cpu = 00:00:07 ; elapsed = 00:00:15 . Memory (MB): peak = 1463.875 ; gain = 556.277
---------------------------------------------------------------------------------
---------------------------------------------------------------------------------
Start IO Insertion
---------------------------------------------------------------------------------
---------------------------------------------------------------------------------
Start Flattening Before IO Insertion
---------------------------------------------------------------------------------
---------------------------------------------------------------------------------
Finished Flattening Before IO Insertion
---------------------------------------------------------------------------------
---------------------------------------------------------------------------------
Start Final Netlist Cleanup
---------------------------------------------------------------------------------
---------------------------------------------------------------------------------
Finished Final Netlist Cleanup
---------------------------------------------------------------------------------
---------------------------------------------------------------------------------
Finished IO Insertion : Time (s): cpu = 00:00:08 ; elapsed = 00:00:17 . Memory (MB): peak = 1463.875 ; gain = 556.277
---------------------------------------------------------------------------------
---------------------------------------------------------------------------------
Start Renaming Generated Instances
---------------------------------------------------------------------------------
---------------------------------------------------------------------------------
Finished Renaming Generated Instances : Time (s): cpu = 00:00:08 ; elapsed = 00:00:17 . Memory (MB): peak = 1463.875 ; gain = 556.277
---------------------------------------------------------------------------------
---------------------------------------------------------------------------------
Start Rebuilding User Hierarchy
---------------------------------------------------------------------------------
---------------------------------------------------------------------------------
Finished Rebuilding User Hierarchy : Time (s): cpu = 00:00:08 ; elapsed = 00:00:17 . Memory (MB): peak = 1463.875 ; gain = 556.277
---------------------------------------------------------------------------------
---------------------------------------------------------------------------------
Start Renaming Generated Ports
---------------------------------------------------------------------------------
---------------------------------------------------------------------------------
Finished Renaming Generated Ports : Time (s): cpu = 00:00:08 ; elapsed = 00:00:17 . Memory (MB): peak = 1463.875 ; gain = 556.277
---------------------------------------------------------------------------------
---------------------------------------------------------------------------------
Start Handling Custom Attributes
---------------------------------------------------------------------------------
---------------------------------------------------------------------------------
Finished Handling Custom Attributes : Time (s): cpu = 00:00:08 ; elapsed = 00:00:17 . Memory (MB): peak = 1463.875 ; gain = 556.277
---------------------------------------------------------------------------------
---------------------------------------------------------------------------------
Start Renaming Generated Nets
---------------------------------------------------------------------------------
---------------------------------------------------------------------------------
Finished Renaming Generated Nets : Time (s): cpu = 00:00:08 ; elapsed = 00:00:17 . Memory (MB): peak = 1463.875 ; gain = 556.277
---------------------------------------------------------------------------------
---------------------------------------------------------------------------------
Start Writing Synthesis Report
---------------------------------------------------------------------------------

Report BlackBoxes: 
+------+------------------------------------------+----------+
|      |BlackBox name                             |Instances |
+------+------------------------------------------+----------+
|1     |design_IP_design3_Q3_blk_mem_gen_0_0      |         1|
|2     |design_IP_design3_Q3_design_EX3_1and2_0_0 |         1|
+------+------------------------------------------+----------+

Report Cell Usage: 
+------+-----------------------------------------------+------+
|      |Cell                                           |Count |
+------+-----------------------------------------------+------+
|1     |design_IP_design3_Q3_blk_mem_gen_0_0_bbox      |     1|
|2     |design_IP_design3_Q3_design_EX3_1and2_0_0_bbox |     1|
|3     |IBUF                                           |     6|
|4     |OBUF                                           |    28|
+------+-----------------------------------------------+------+
---------------------------------------------------------------------------------
Finished Writing Synthesis Report : Time (s): cpu = 00:00:08 ; elapsed = 00:00:17 . Memory (MB): peak = 1463.875 ; gain = 556.277
---------------------------------------------------------------------------------
Synthesis finished with 0 errors, 0 critical warnings and 1 warnings.
Synthesis Optimization Runtime : Time (s): cpu = 00:00:05 ; elapsed = 00:00:16 . Memory (MB): peak = 1463.875 ; gain = 551.125
Synthesis Optimization Complete : Time (s): cpu = 00:00:08 ; elapsed = 00:00:17 . Memory (MB): peak = 1463.875 ; gain = 556.277
INFO: [Project 1-571] Translating synthesized netlist
Netlist sorting complete. Time (s): cpu = 00:00:00 ; elapsed = 00:00:00 . Memory (MB): peak = 1467.254 ; gain = 0.000
INFO: [Project 1-570] Preparing netlist for logic optimization
INFO: [Opt 31-138] Pushed 0 inverter(s) to 0 load pin(s).
Netlist sorting complete. Time (s): cpu = 00:00:00 ; elapsed = 00:00:00 . Memory (MB): peak = 1470.883 ; gain = 0.000
INFO: [Project 1-111] Unisim Transformation Summary:
No Unisim elements were transformed.

The system cannot find the path specified.
Synth Design complete | Checksum: 25490d30
INFO: [Common 17-83] Releasing license: Synthesis
31 Infos, 1 Warnings, 0 Critical Warnings and 0 Errors encountered.
synth_design completed successfully
synth_design: Time (s): cpu = 00:00:10 ; elapsed = 00:00:21 . Memory (MB): peak = 1470.883 ; gain = 951.297
Write ShapeDB Complete: Time (s): cpu = 00:00:00 ; elapsed = 00:00:00.001 . Memory (MB): peak = 1470.883 ; gain = 0.000
INFO: [Common 17-1381] The checkpoint 'C:/Users/OmenLaptop/Vivado/IP_design3_Q3/IP_design3_Q3.runs/synth_1/design_IP_design3_Q3_wrapper.dcp' has been generated.
INFO: [runtcl-4] Executing : report_utilization -file design_IP_design3_Q3_wrapper_utilization_synth.rpt -pb design_IP_design3_Q3_wrapper_utilization_synth.pb
INFO: [Common 17-206] Exiting Vivado at Fri Apr 19 00:16:07 2024...
