Copyright 1986-2022 Xilinx, Inc. All Rights Reserved. Copyright 2022-2023 Advanced Micro Devices, Inc. All Rights Reserved.
---------------------------------------------------------------------------------------------------------------------------------------------------------------------------------------------------------------------------------------------
| Tool Version : Vivado v.2023.2 (win64) Build 4029153 Fri Oct 13 20:14:34 MDT 2023
| Date         : Thu Apr 18 12:36:46 2024
| Host         : OmenLaptop running 64-bit major release  (build 9200)
| Command      : report_timing_summary -max_paths 10 -report_unconstrained -file design_EX3_1and2_timing_summary_routed.rpt -pb design_EX3_1and2_timing_summary_routed.pb -rpx design_EX3_1and2_timing_summary_routed.rpx -warn_on_violation
| Design       : design_EX3_1and2
| Device       : 7a35t-cpg236
| Speed File   : -1  PRODUCTION 1.23 2018-06-13
| Design State : Routed
---------------------------------------------------------------------------------------------------------------------------------------------------------------------------------------------------------------------------------------------

Timing Summary Report

------------------------------------------------------------------------------------------------
| Timer Settings
| --------------
------------------------------------------------------------------------------------------------

  Enable Multi Corner Analysis               :  Yes
  Enable Pessimism Removal                   :  Yes
  Pessimism Removal Resolution               :  Nearest Common Node
  Enable Input Delay Default Clock           :  No
  Enable Preset / Clear Arcs                 :  No
  Disable Flight Delays                      :  No
  Ignore I/O Paths                           :  No
  Timing Early Launch at Borrowing Latches   :  No
  Borrow Time for Max Delay Exceptions       :  Yes
  Merge Timing Exceptions                    :  Yes
  Inter-SLR Compensation                     :  Conservative

  Corner  Analyze    Analyze    
  Name    Max Paths  Min Paths  
  ------  ---------  ---------  
  Slow    Yes        Yes        
  Fast    Yes        Yes        


------------------------------------------------------------------------------------------------
| Report Methodology
| ------------------
------------------------------------------------------------------------------------------------

No report available as report_methodology has not been run prior. Run report_methodology on the current design for the summary of methodology violations.



check_timing report

Table of Contents
-----------------
1. checking no_clock (0)
2. checking constant_clock (0)
3. checking pulse_width_clock (0)
4. checking unconstrained_internal_endpoints (0)
5. checking no_input_delay (0)
6. checking no_output_delay (0)
7. checking multiple_clock (0)
8. checking generated_clocks (0)
9. checking loops (0)
10. checking partial_input_delay (0)
11. checking partial_output_delay (0)
12. checking latch_loops (0)

1. checking no_clock (0)
------------------------
 There are 0 register/latch pins with no clock.


2. checking constant_clock (0)
------------------------------
 There are 0 register/latch pins with constant_clock.


3. checking pulse_width_clock (0)
---------------------------------
 There are 0 register/latch pins which need pulse_width check


4. checking unconstrained_internal_endpoints (0)
------------------------------------------------
 There are 0 pins that are not constrained for maximum delay.

 There are 0 pins that are not constrained for maximum delay due to constant clock.


5. checking no_input_delay (0)
------------------------------
 There are 0 input ports with no input delay specified.

 There are 0 input ports with no input delay but user has a false path constraint.


6. checking no_output_delay (0)
-------------------------------
 There are 0 ports with no output delay specified.

 There are 0 ports with no output delay but user has a false path constraint

 There are 0 ports with no output delay but with a timing clock defined on it or propagating through it


7. checking multiple_clock (0)
------------------------------
 There are 0 register/latch pins with multiple clocks.


8. checking generated_clocks (0)
--------------------------------
 There are 0 generated clocks that are not connected to a clock source.


9. checking loops (0)
---------------------
 There are 0 combinational loops in the design.


10. checking partial_input_delay (0)
------------------------------------
 There are 0 input ports with partial input delay specified.


11. checking partial_output_delay (0)
-------------------------------------
 There are 0 ports with partial output delay specified.


12. checking latch_loops (0)
----------------------------
 There are 0 combinational latch loops in the design through latch input



------------------------------------------------------------------------------------------------
| Design Timing Summary
| ---------------------
------------------------------------------------------------------------------------------------

    WNS(ns)      TNS(ns)  TNS Failing Endpoints  TNS Total Endpoints      WHS(ns)      THS(ns)  THS Failing Endpoints  THS Total Endpoints     WPWS(ns)     TPWS(ns)  TPWS Failing Endpoints  TPWS Total Endpoints  
    -------      -------  ---------------------  -------------------      -------      -------  ---------------------  -------------------     --------     --------  ----------------------  --------------------  
        inf        0.000                      0                   14          inf        0.000                      0                   14           NA           NA                      NA                    NA  


There are no user specified timing constraints.


------------------------------------------------------------------------------------------------
| Clock Summary
| -------------
------------------------------------------------------------------------------------------------


------------------------------------------------------------------------------------------------
| Intra Clock Table
| -----------------
------------------------------------------------------------------------------------------------

Clock             WNS(ns)      TNS(ns)  TNS Failing Endpoints  TNS Total Endpoints      WHS(ns)      THS(ns)  THS Failing Endpoints  THS Total Endpoints     WPWS(ns)     TPWS(ns)  TPWS Failing Endpoints  TPWS Total Endpoints  
-----             -------      -------  ---------------------  -------------------      -------      -------  ---------------------  -------------------     --------     --------  ----------------------  --------------------  


------------------------------------------------------------------------------------------------
| Inter Clock Table
| -----------------
------------------------------------------------------------------------------------------------

From Clock    To Clock          WNS(ns)      TNS(ns)  TNS Failing Endpoints  TNS Total Endpoints      WHS(ns)      THS(ns)  THS Failing Endpoints  THS Total Endpoints  
----------    --------          -------      -------  ---------------------  -------------------      -------      -------  ---------------------  -------------------  


------------------------------------------------------------------------------------------------
| Other Path Groups Table
| -----------------------
------------------------------------------------------------------------------------------------

Path Group    From Clock    To Clock          WNS(ns)      TNS(ns)  TNS Failing Endpoints  TNS Total Endpoints      WHS(ns)      THS(ns)  THS Failing Endpoints  THS Total Endpoints  
----------    ----------    --------          -------      -------  ---------------------  -------------------      -------      -------  ---------------------  -------------------  


------------------------------------------------------------------------------------------------
| User Ignored Path Table
| -----------------------
------------------------------------------------------------------------------------------------

Path Group    From Clock    To Clock    
----------    ----------    --------    


------------------------------------------------------------------------------------------------
| Unconstrained Path Table
| ------------------------
------------------------------------------------------------------------------------------------

Path Group    From Clock    To Clock    
----------    ----------    --------    
(none)                                    


------------------------------------------------------------------------------------------------
| Timing Details
| --------------
------------------------------------------------------------------------------------------------


--------------------------------------------------------------------------------------
Path Group:  (none)
From Clock:  
  To Clock:  

Max Delay            14 Endpoints
Min Delay            14 Endpoints
--------------------------------------------------------------------------------------


Max Delay Paths
--------------------------------------------------------------------------------------
Slack:                    inf
  Source:                 Addr[3]
                            (input port)
  Destination:            mux_out[1]
                            (output port)
  Path Group:             (none)
  Path Type:              Max at Slow Process Corner
  Data Path Delay:        20.893ns  (logic 9.481ns (45.380%)  route 11.412ns (54.620%))
  Logic Levels:           16  (CARRY4=7 IBUF=1 LUT4=1 LUT5=3 LUT6=3 OBUF=1)

    Location             Delay type                Incr(ns)  Path(ns)    Netlist Resource(s)
  -------------------------------------------------------------------    -------------------
    W17                                               0.000     0.000 r  Addr[3] (IN)
                         net (fo=0)                   0.000     0.000    Addr[3]
    W17                  IBUF (Prop_ibuf_I_O)         1.448     1.448 r  Addr_IBUF[3]_inst/O
                         net (fo=120, routed)         1.961     3.410    Addr_IBUF[3]
    SLICE_X5Y13          LUT4 (Prop_lut4_I0_O)        0.124     3.534 r  mux_out_OBUF[8]_inst_i_9/O
                         net (fo=2, routed)           0.503     4.037    ALU_out0[4]
    SLICE_X3Y13          CARRY4 (Prop_carry4_CYINIT_CO[3])
                                                      0.580     4.617 r  mux_out_OBUF[7]_inst_i_8/CO[3]
                         net (fo=1, routed)           0.000     4.617    mux_out_OBUF[7]_inst_i_8_n_0
    SLICE_X3Y14          CARRY4 (Prop_carry4_CI_CO[1])
                                                      0.157     4.774 r  mux_out_OBUF[4]_inst_i_27/CO[1]
                         net (fo=8, routed)           1.175     5.949    mux_out_OBUF[4]_inst_i_27_n_2
    SLICE_X4Y12          LUT5 (Prop_lut5_I0_O)        0.329     6.278 r  mux_out_OBUF[4]_inst_i_35/O
                         net (fo=1, routed)           0.000     6.278    mux_out_OBUF[4]_inst_i_35_n_0
    SLICE_X4Y12          CARRY4 (Prop_carry4_S[1]_CO[3])
                                                      0.550     6.828 r  mux_out_OBUF[4]_inst_i_19/CO[3]
                         net (fo=1, routed)           0.000     6.828    mux_out_OBUF[4]_inst_i_19_n_0
    SLICE_X4Y13          CARRY4 (Prop_carry4_CI_CO[2])
                                                      0.228     7.056 r  mux_out_OBUF[4]_inst_i_18/CO[2]
                         net (fo=8, routed)           1.285     8.341    mux_out_OBUF[4]_inst_i_18_n_1
    SLICE_X4Y8           LUT5 (Prop_lut5_I0_O)        0.313     8.654 r  mux_out_OBUF[4]_inst_i_26/O
                         net (fo=1, routed)           0.000     8.654    mux_out_OBUF[4]_inst_i_26_n_0
    SLICE_X4Y8           CARRY4 (Prop_carry4_S[1]_CO[3])
                                                      0.550     9.204 r  mux_out_OBUF[4]_inst_i_14/CO[3]
                         net (fo=1, routed)           0.000     9.204    mux_out_OBUF[4]_inst_i_14_n_0
    SLICE_X4Y9           CARRY4 (Prop_carry4_CI_CO[2])
                                                      0.228     9.432 r  mux_out_OBUF[4]_inst_i_13/CO[2]
                         net (fo=8, routed)           1.172    10.605    mux_out_OBUF[4]_inst_i_13_n_1
    SLICE_X3Y10          LUT6 (Prop_lut6_I0_O)        0.313    10.918 r  mux_out_OBUF[4]_inst_i_16/O
                         net (fo=1, routed)           0.000    10.918    mux_out_OBUF[4]_inst_i_16_n_0
    SLICE_X3Y10          CARRY4 (Prop_carry4_S[1]_CO[2])
                                                      0.570    11.488 r  mux_out_OBUF[4]_inst_i_12/CO[2]
                         net (fo=5, routed)           0.888    12.376    mux_out_OBUF[4]_inst_i_12_n_1
    SLICE_X2Y9           LUT5 (Prop_lut5_I0_O)        0.313    12.689 r  mux_out_OBUF[1]_inst_i_3/O
                         net (fo=1, routed)           0.985    13.674    mux_out_OBUF[1]_inst_i_3_n_0
    SLICE_X2Y10          LUT6 (Prop_lut6_I0_O)        0.124    13.798 r  mux_out_OBUF[1]_inst_i_2/O
                         net (fo=1, routed)           1.008    14.806    mux_out_OBUF[1]_inst_i_2_n_0
    SLICE_X0Y16          LUT6 (Prop_lut6_I0_O)        0.124    14.930 r  mux_out_OBUF[1]_inst_i_1/O
                         net (fo=1, routed)           2.433    17.363    mux_out_OBUF[1]
    E19                  OBUF (Prop_obuf_I_O)         3.530    20.893 r  mux_out_OBUF[1]_inst/O
                         net (fo=0)                   0.000    20.893    mux_out[1]
    E19                                                               r  mux_out[1] (OUT)
  -------------------------------------------------------------------    -------------------

Slack:                    inf
  Source:                 Addr[3]
                            (input port)
  Destination:            mux_out[0]
                            (output port)
  Path Group:             (none)
  Path Type:              Max at Slow Process Corner
  Data Path Delay:        19.247ns  (logic 9.456ns (49.130%)  route 9.791ns (50.870%))
  Logic Levels:           16  (CARRY4=7 IBUF=1 LUT4=1 LUT5=2 LUT6=4 OBUF=1)

    Location             Delay type                Incr(ns)  Path(ns)    Netlist Resource(s)
  -------------------------------------------------------------------    -------------------
    W17                                               0.000     0.000 r  Addr[3] (IN)
                         net (fo=0)                   0.000     0.000    Addr[3]
    W17                  IBUF (Prop_ibuf_I_O)         1.448     1.448 r  Addr_IBUF[3]_inst/O
                         net (fo=120, routed)         1.961     3.410    Addr_IBUF[3]
    SLICE_X5Y13          LUT4 (Prop_lut4_I0_O)        0.124     3.534 r  mux_out_OBUF[8]_inst_i_9/O
                         net (fo=2, routed)           0.503     4.037    ALU_out0[4]
    SLICE_X3Y13          CARRY4 (Prop_carry4_CYINIT_CO[3])
                                                      0.580     4.617 r  mux_out_OBUF[7]_inst_i_8/CO[3]
                         net (fo=1, routed)           0.000     4.617    mux_out_OBUF[7]_inst_i_8_n_0
    SLICE_X3Y14          CARRY4 (Prop_carry4_CI_CO[1])
                                                      0.157     4.774 r  mux_out_OBUF[4]_inst_i_27/CO[1]
                         net (fo=8, routed)           1.175     5.949    mux_out_OBUF[4]_inst_i_27_n_2
    SLICE_X4Y12          LUT5 (Prop_lut5_I0_O)        0.329     6.278 r  mux_out_OBUF[4]_inst_i_35/O
                         net (fo=1, routed)           0.000     6.278    mux_out_OBUF[4]_inst_i_35_n_0
    SLICE_X4Y12          CARRY4 (Prop_carry4_S[1]_CO[3])
                                                      0.550     6.828 r  mux_out_OBUF[4]_inst_i_19/CO[3]
                         net (fo=1, routed)           0.000     6.828    mux_out_OBUF[4]_inst_i_19_n_0
    SLICE_X4Y13          CARRY4 (Prop_carry4_CI_CO[2])
                                                      0.228     7.056 r  mux_out_OBUF[4]_inst_i_18/CO[2]
                         net (fo=8, routed)           1.285     8.341    mux_out_OBUF[4]_inst_i_18_n_1
    SLICE_X4Y8           LUT5 (Prop_lut5_I0_O)        0.313     8.654 r  mux_out_OBUF[4]_inst_i_26/O
                         net (fo=1, routed)           0.000     8.654    mux_out_OBUF[4]_inst_i_26_n_0
    SLICE_X4Y8           CARRY4 (Prop_carry4_S[1]_CO[3])
                                                      0.550     9.204 r  mux_out_OBUF[4]_inst_i_14/CO[3]
                         net (fo=1, routed)           0.000     9.204    mux_out_OBUF[4]_inst_i_14_n_0
    SLICE_X4Y9           CARRY4 (Prop_carry4_CI_CO[2])
                                                      0.228     9.432 r  mux_out_OBUF[4]_inst_i_13/CO[2]
                         net (fo=8, routed)           1.172    10.605    mux_out_OBUF[4]_inst_i_13_n_1
    SLICE_X3Y10          LUT6 (Prop_lut6_I0_O)        0.313    10.918 r  mux_out_OBUF[4]_inst_i_16/O
                         net (fo=1, routed)           0.000    10.918    mux_out_OBUF[4]_inst_i_16_n_0
    SLICE_X3Y10          CARRY4 (Prop_carry4_S[1]_CO[2])
                                                      0.570    11.488 r  mux_out_OBUF[4]_inst_i_12/CO[2]
                         net (fo=5, routed)           0.889    12.377    mux_out_OBUF[4]_inst_i_12_n_1
    SLICE_X2Y9           LUT6 (Prop_lut6_I0_O)        0.313    12.690 r  mux_out_OBUF[0]_inst_i_3/O
                         net (fo=1, routed)           0.566    13.256    mux_out_OBUF[0]_inst_i_3_n_0
    SLICE_X1Y9           LUT6 (Prop_lut6_I0_O)        0.124    13.380 r  mux_out_OBUF[0]_inst_i_2/O
                         net (fo=1, routed)           0.505    13.885    mux_out_OBUF[0]_inst_i_2_n_0
    SLICE_X0Y9           LUT6 (Prop_lut6_I0_O)        0.124    14.009 r  mux_out_OBUF[0]_inst_i_1/O
                         net (fo=1, routed)           1.733    15.743    mux_out_OBUF[0]
    U16                  OBUF (Prop_obuf_I_O)         3.505    19.247 r  mux_out_OBUF[0]_inst/O
                         net (fo=0)                   0.000    19.247    mux_out[0]
    U16                                                               r  mux_out[0] (OUT)
  -------------------------------------------------------------------    -------------------

Slack:                    inf
  Source:                 Addr[1]
                            (input port)
  Destination:            mux_out[5]
                            (output port)
  Path Group:             (none)
  Path Type:              Max at Slow Process Corner
  Data Path Delay:        19.140ns  (logic 9.459ns (49.418%)  route 9.681ns (50.582%))
  Logic Levels:           16  (CARRY4=8 IBUF=1 LUT4=1 LUT5=2 LUT6=3 OBUF=1)

    Location             Delay type                Incr(ns)  Path(ns)    Netlist Resource(s)
  -------------------------------------------------------------------    -------------------
    V16                                               0.000     0.000 r  Addr[1] (IN)
                         net (fo=0)                   0.000     0.000    Addr[1]
    V16                  IBUF (Prop_ibuf_I_O)         1.461     1.461 r  Addr_IBUF[1]_inst/O
                         net (fo=119, routed)         3.336     4.797    Addr_IBUF[1]
    SLICE_X4Y14          LUT4 (Prop_lut4_I1_O)        0.124     4.921 r  mux_out_OBUF[8]_inst_i_16/O
                         net (fo=1, routed)           0.000     4.921    mux_out_OBUF[8]_inst_i_16_n_0
    SLICE_X4Y14          CARRY4 (Prop_carry4_S[1]_CO[3])
                                                      0.550     5.471 r  mux_out_OBUF[8]_inst_i_4/CO[3]
                         net (fo=1, routed)           0.000     5.471    mux_out_OBUF[8]_inst_i_4_n_0
    SLICE_X4Y15          CARRY4 (Prop_carry4_CI_CO[1])
                                                      0.157     5.628 r  mux_out_OBUF[8]_inst_i_3/CO[1]
                         net (fo=9, routed)           1.041     6.669    ALU_out0[3]
    SLICE_X2Y13          LUT5 (Prop_lut5_I0_O)        0.329     6.998 r  mux_out_OBUF[7]_inst_i_12/O
                         net (fo=1, routed)           0.000     6.998    mux_out_OBUF[7]_inst_i_12_n_0
    SLICE_X2Y13          CARRY4 (Prop_carry4_S[1]_CO[3])
                                                      0.533     7.531 r  mux_out_OBUF[7]_inst_i_4/CO[3]
                         net (fo=1, routed)           0.000     7.531    mux_out_OBUF[7]_inst_i_4_n_0
    SLICE_X2Y14          CARRY4 (Prop_carry4_CI_CO[2])
                                                      0.229     7.760 r  mux_out_OBUF[7]_inst_i_3/CO[2]
                         net (fo=9, routed)           1.042     8.801    ALU_out0[2]
    SLICE_X1Y13          LUT5 (Prop_lut5_I0_O)        0.310     9.111 r  mux_out_OBUF[6]_inst_i_11/O
                         net (fo=1, routed)           0.000     9.111    mux_out_OBUF[6]_inst_i_11_n_0
    SLICE_X1Y13          CARRY4 (Prop_carry4_S[1]_CO[3])
                                                      0.550     9.661 r  mux_out_OBUF[6]_inst_i_4/CO[3]
                         net (fo=1, routed)           0.000     9.661    mux_out_OBUF[6]_inst_i_4_n_0
    SLICE_X1Y14          CARRY4 (Prop_carry4_CI_CO[2])
                                                      0.228     9.889 r  mux_out_OBUF[6]_inst_i_3/CO[2]
                         net (fo=9, routed)           0.942    10.831    ALU_out0[1]
    SLICE_X0Y13          LUT6 (Prop_lut6_I0_O)        0.313    11.144 r  mux_out_OBUF[5]_inst_i_10/O
                         net (fo=1, routed)           0.000    11.144    mux_out_OBUF[5]_inst_i_10_n_0
    SLICE_X0Y13          CARRY4 (Prop_carry4_S[1]_CO[3])
                                                      0.550    11.694 r  mux_out_OBUF[5]_inst_i_4/CO[3]
                         net (fo=1, routed)           0.000    11.694    mux_out_OBUF[5]_inst_i_4_n_0
    SLICE_X0Y14          CARRY4 (Prop_carry4_CI_CO[1])
                                                      0.157    11.851 r  mux_out_OBUF[5]_inst_i_3/CO[1]
                         net (fo=1, routed)           0.791    12.642    ALU_out0[0]
    SLICE_X1Y10          LUT6 (Prop_lut6_I1_O)        0.329    12.971 r  mux_out_OBUF[5]_inst_i_2/O
                         net (fo=1, routed)           0.817    13.788    ALU_out[5]
    SLICE_X0Y9           LUT6 (Prop_lut6_I0_O)        0.124    13.912 r  mux_out_OBUF[5]_inst_i_1/O
                         net (fo=1, routed)           1.713    15.626    mux_out_OBUF[5]
    U15                  OBUF (Prop_obuf_I_O)         3.514    19.140 r  mux_out_OBUF[5]_inst/O
                         net (fo=0)                   0.000    19.140    mux_out[5]
    U15                                                               r  mux_out[5] (OUT)
  -------------------------------------------------------------------    -------------------

Slack:                    inf
  Source:                 Addr[3]
                            (input port)
  Destination:            mux_out[4]
                            (output port)
  Path Group:             (none)
  Path Type:              Max at Slow Process Corner
  Data Path Delay:        19.080ns  (logic 9.354ns (49.025%)  route 9.726ns (50.975%))
  Logic Levels:           15  (CARRY4=7 IBUF=1 LUT4=1 LUT5=2 LUT6=3 OBUF=1)

    Location             Delay type                Incr(ns)  Path(ns)    Netlist Resource(s)
  -------------------------------------------------------------------    -------------------
    W17                                               0.000     0.000 r  Addr[3] (IN)
                         net (fo=0)                   0.000     0.000    Addr[3]
    W17                  IBUF (Prop_ibuf_I_O)         1.448     1.448 r  Addr_IBUF[3]_inst/O
                         net (fo=120, routed)         1.961     3.410    Addr_IBUF[3]
    SLICE_X5Y13          LUT4 (Prop_lut4_I0_O)        0.124     3.534 r  mux_out_OBUF[8]_inst_i_9/O
                         net (fo=2, routed)           0.503     4.037    ALU_out0[4]
    SLICE_X3Y13          CARRY4 (Prop_carry4_CYINIT_CO[3])
                                                      0.580     4.617 r  mux_out_OBUF[7]_inst_i_8/CO[3]
                         net (fo=1, routed)           0.000     4.617    mux_out_OBUF[7]_inst_i_8_n_0
    SLICE_X3Y14          CARRY4 (Prop_carry4_CI_CO[1])
                                                      0.157     4.774 r  mux_out_OBUF[4]_inst_i_27/CO[1]
                         net (fo=8, routed)           1.175     5.949    mux_out_OBUF[4]_inst_i_27_n_2
    SLICE_X4Y12          LUT5 (Prop_lut5_I0_O)        0.329     6.278 r  mux_out_OBUF[4]_inst_i_35/O
                         net (fo=1, routed)           0.000     6.278    mux_out_OBUF[4]_inst_i_35_n_0
    SLICE_X4Y12          CARRY4 (Prop_carry4_S[1]_CO[3])
                                                      0.550     6.828 r  mux_out_OBUF[4]_inst_i_19/CO[3]
                         net (fo=1, routed)           0.000     6.828    mux_out_OBUF[4]_inst_i_19_n_0
    SLICE_X4Y13          CARRY4 (Prop_carry4_CI_CO[2])
                                                      0.228     7.056 r  mux_out_OBUF[4]_inst_i_18/CO[2]
                         net (fo=8, routed)           1.285     8.341    mux_out_OBUF[4]_inst_i_18_n_1
    SLICE_X4Y8           LUT5 (Prop_lut5_I0_O)        0.313     8.654 r  mux_out_OBUF[4]_inst_i_26/O
                         net (fo=1, routed)           0.000     8.654    mux_out_OBUF[4]_inst_i_26_n_0
    SLICE_X4Y8           CARRY4 (Prop_carry4_S[1]_CO[3])
                                                      0.550     9.204 r  mux_out_OBUF[4]_inst_i_14/CO[3]
                         net (fo=1, routed)           0.000     9.204    mux_out_OBUF[4]_inst_i_14_n_0
    SLICE_X4Y9           CARRY4 (Prop_carry4_CI_CO[2])
                                                      0.228     9.432 r  mux_out_OBUF[4]_inst_i_13/CO[2]
                         net (fo=8, routed)           0.512     9.944    mux_out_OBUF[4]_inst_i_13_n_1
    SLICE_X3Y9           CARRY4 (Prop_carry4_CYINIT_O[1])
                                                      0.787    10.731 r  mux_out_OBUF[2]_inst_i_3/O[1]
                         net (fo=5, routed)           0.875    11.607    mux_out_OBUF[2]_inst_i_3_n_6
    SLICE_X1Y10          LUT6 (Prop_lut6_I0_O)        0.303    11.910 r  mux_out_OBUF[4]_inst_i_10/O
                         net (fo=1, routed)           0.863    12.772    mux_out_OBUF[4]_inst_i_10_n_0
    SLICE_X2Y11          LUT6 (Prop_lut6_I2_O)        0.124    12.896 r  mux_out_OBUF[4]_inst_i_5/O
                         net (fo=1, routed)           0.656    13.552    mux_out_OBUF[4]_inst_i_5_n_0
    SLICE_X3Y11          LUT6 (Prop_lut6_I3_O)        0.124    13.676 r  mux_out_OBUF[4]_inst_i_1/O
                         net (fo=1, routed)           1.895    15.571    mux_out_OBUF[4]
    W18                  OBUF (Prop_obuf_I_O)         3.509    19.080 r  mux_out_OBUF[4]_inst/O
                         net (fo=0)                   0.000    19.080    mux_out[4]
    W18                                                               r  mux_out[4] (OUT)
  -------------------------------------------------------------------    -------------------

Slack:                    inf
  Source:                 Addr[3]
                            (input port)
  Destination:            mux_out[2]
                            (output port)
  Path Group:             (none)
  Path Type:              Max at Slow Process Corner
  Data Path Delay:        18.975ns  (logic 9.328ns (49.162%)  route 9.647ns (50.838%))
  Logic Levels:           15  (CARRY4=7 IBUF=1 LUT4=1 LUT5=2 LUT6=3 OBUF=1)

    Location             Delay type                Incr(ns)  Path(ns)    Netlist Resource(s)
  -------------------------------------------------------------------    -------------------
    W17                                               0.000     0.000 r  Addr[3] (IN)
                         net (fo=0)                   0.000     0.000    Addr[3]
    W17                  IBUF (Prop_ibuf_I_O)         1.448     1.448 r  Addr_IBUF[3]_inst/O
                         net (fo=120, routed)         1.961     3.410    Addr_IBUF[3]
    SLICE_X5Y13          LUT4 (Prop_lut4_I0_O)        0.124     3.534 r  mux_out_OBUF[8]_inst_i_9/O
                         net (fo=2, routed)           0.503     4.037    ALU_out0[4]
    SLICE_X3Y13          CARRY4 (Prop_carry4_CYINIT_CO[3])
                                                      0.580     4.617 r  mux_out_OBUF[7]_inst_i_8/CO[3]
                         net (fo=1, routed)           0.000     4.617    mux_out_OBUF[7]_inst_i_8_n_0
    SLICE_X3Y14          CARRY4 (Prop_carry4_CI_CO[1])
                                                      0.157     4.774 r  mux_out_OBUF[4]_inst_i_27/CO[1]
                         net (fo=8, routed)           1.175     5.949    mux_out_OBUF[4]_inst_i_27_n_2
    SLICE_X4Y12          LUT5 (Prop_lut5_I0_O)        0.329     6.278 r  mux_out_OBUF[4]_inst_i_35/O
                         net (fo=1, routed)           0.000     6.278    mux_out_OBUF[4]_inst_i_35_n_0
    SLICE_X4Y12          CARRY4 (Prop_carry4_S[1]_CO[3])
                                                      0.550     6.828 r  mux_out_OBUF[4]_inst_i_19/CO[3]
                         net (fo=1, routed)           0.000     6.828    mux_out_OBUF[4]_inst_i_19_n_0
    SLICE_X4Y13          CARRY4 (Prop_carry4_CI_CO[2])
                                                      0.228     7.056 r  mux_out_OBUF[4]_inst_i_18/CO[2]
                         net (fo=8, routed)           1.285     8.341    mux_out_OBUF[4]_inst_i_18_n_1
    SLICE_X4Y8           LUT5 (Prop_lut5_I0_O)        0.313     8.654 r  mux_out_OBUF[4]_inst_i_26/O
                         net (fo=1, routed)           0.000     8.654    mux_out_OBUF[4]_inst_i_26_n_0
    SLICE_X4Y8           CARRY4 (Prop_carry4_S[1]_CO[3])
                                                      0.550     9.204 r  mux_out_OBUF[4]_inst_i_14/CO[3]
                         net (fo=1, routed)           0.000     9.204    mux_out_OBUF[4]_inst_i_14_n_0
    SLICE_X4Y9           CARRY4 (Prop_carry4_CI_CO[2])
                                                      0.228     9.432 r  mux_out_OBUF[4]_inst_i_13/CO[2]
                         net (fo=8, routed)           1.172    10.605    mux_out_OBUF[4]_inst_i_13_n_1
    SLICE_X3Y10          LUT6 (Prop_lut6_I0_O)        0.313    10.918 r  mux_out_OBUF[4]_inst_i_16/O
                         net (fo=1, routed)           0.000    10.918    mux_out_OBUF[4]_inst_i_16_n_0
    SLICE_X3Y10          CARRY4 (Prop_carry4_S[1]_CO[2])
                                                      0.570    11.488 r  mux_out_OBUF[4]_inst_i_12/CO[2]
                         net (fo=5, routed)           0.698    12.186    mux_out_OBUF[4]_inst_i_12_n_1
    SLICE_X2Y11          LUT6 (Prop_lut6_I3_O)        0.313    12.499 r  mux_out_OBUF[2]_inst_i_2/O
                         net (fo=1, routed)           0.988    13.487    mux_out_OBUF[2]_inst_i_2_n_0
    SLICE_X0Y16          LUT6 (Prop_lut6_I5_O)        0.124    13.611 r  mux_out_OBUF[2]_inst_i_1/O
                         net (fo=1, routed)           1.863    15.474    mux_out_OBUF[2]
    U19                  OBUF (Prop_obuf_I_O)         3.501    18.975 r  mux_out_OBUF[2]_inst/O
                         net (fo=0)                   0.000    18.975    mux_out[2]
    U19                                                               r  mux_out[2] (OUT)
  -------------------------------------------------------------------    -------------------

Slack:                    inf
  Source:                 Addr[3]
                            (input port)
  Destination:            mux_out[3]
                            (output port)
  Path Group:             (none)
  Path Type:              Max at Slow Process Corner
  Data Path Delay:        18.708ns  (logic 9.128ns (48.789%)  route 9.581ns (51.211%))
  Logic Levels:           16  (CARRY4=7 IBUF=1 LUT4=1 LUT5=2 LUT6=4 OBUF=1)

    Location             Delay type                Incr(ns)  Path(ns)    Netlist Resource(s)
  -------------------------------------------------------------------    -------------------
    W17                                               0.000     0.000 r  Addr[3] (IN)
                         net (fo=0)                   0.000     0.000    Addr[3]
    W17                  IBUF (Prop_ibuf_I_O)         1.448     1.448 r  Addr_IBUF[3]_inst/O
                         net (fo=120, routed)         1.961     3.410    Addr_IBUF[3]
    SLICE_X5Y13          LUT4 (Prop_lut4_I0_O)        0.124     3.534 r  mux_out_OBUF[8]_inst_i_9/O
                         net (fo=2, routed)           0.503     4.037    ALU_out0[4]
    SLICE_X3Y13          CARRY4 (Prop_carry4_CYINIT_CO[3])
                                                      0.580     4.617 r  mux_out_OBUF[7]_inst_i_8/CO[3]
                         net (fo=1, routed)           0.000     4.617    mux_out_OBUF[7]_inst_i_8_n_0
    SLICE_X3Y14          CARRY4 (Prop_carry4_CI_CO[1])
                                                      0.157     4.774 r  mux_out_OBUF[4]_inst_i_27/CO[1]
                         net (fo=8, routed)           1.175     5.949    mux_out_OBUF[4]_inst_i_27_n_2
    SLICE_X4Y12          LUT5 (Prop_lut5_I0_O)        0.329     6.278 r  mux_out_OBUF[4]_inst_i_35/O
                         net (fo=1, routed)           0.000     6.278    mux_out_OBUF[4]_inst_i_35_n_0
    SLICE_X4Y12          CARRY4 (Prop_carry4_S[1]_CO[3])
                                                      0.550     6.828 r  mux_out_OBUF[4]_inst_i_19/CO[3]
                         net (fo=1, routed)           0.000     6.828    mux_out_OBUF[4]_inst_i_19_n_0
    SLICE_X4Y13          CARRY4 (Prop_carry4_CI_CO[2])
                                                      0.228     7.056 r  mux_out_OBUF[4]_inst_i_18/CO[2]
                         net (fo=8, routed)           1.285     8.341    mux_out_OBUF[4]_inst_i_18_n_1
    SLICE_X4Y8           LUT5 (Prop_lut5_I0_O)        0.313     8.654 r  mux_out_OBUF[4]_inst_i_26/O
                         net (fo=1, routed)           0.000     8.654    mux_out_OBUF[4]_inst_i_26_n_0
    SLICE_X4Y8           CARRY4 (Prop_carry4_S[1]_CO[3])
                                                      0.550     9.204 r  mux_out_OBUF[4]_inst_i_14/CO[3]
                         net (fo=1, routed)           0.000     9.204    mux_out_OBUF[4]_inst_i_14_n_0
    SLICE_X4Y9           CARRY4 (Prop_carry4_CI_CO[2])
                                                      0.228     9.432 r  mux_out_OBUF[4]_inst_i_13/CO[2]
                         net (fo=8, routed)           0.838    10.271    mux_out_OBUF[4]_inst_i_13_n_1
    SLICE_X3Y9           LUT6 (Prop_lut6_I0_O)        0.313    10.584 r  mux_out_OBUF[2]_inst_i_8/O
                         net (fo=1, routed)           0.000    10.584    mux_out_OBUF[2]_inst_i_8_n_0
    SLICE_X3Y9           CARRY4 (Prop_carry4_S[2]_O[2])
                                                      0.248    10.832 r  mux_out_OBUF[2]_inst_i_3/O[2]
                         net (fo=4, routed)           0.875    11.706    mux_out_OBUF[2]_inst_i_3_n_5
    SLICE_X2Y9           LUT6 (Prop_lut6_I3_O)        0.302    12.008 r  mux_out_OBUF[3]_inst_i_5/O
                         net (fo=1, routed)           0.607    12.615    mux_out_OBUF[3]_inst_i_5_n_0
    SLICE_X2Y10          LUT6 (Prop_lut6_I2_O)        0.124    12.739 r  mux_out_OBUF[3]_inst_i_2/O
                         net (fo=1, routed)           0.614    13.354    mux_out_OBUF[3]_inst_i_2_n_0
    SLICE_X0Y16          LUT6 (Prop_lut6_I0_O)        0.124    13.478 r  mux_out_OBUF[3]_inst_i_1/O
                         net (fo=1, routed)           1.722    15.199    mux_out_OBUF[3]
    V19                  OBUF (Prop_obuf_I_O)         3.509    18.708 r  mux_out_OBUF[3]_inst/O
                         net (fo=0)                   0.000    18.708    mux_out[3]
    V19                                                               r  mux_out[3] (OUT)
  -------------------------------------------------------------------    -------------------

Slack:                    inf
  Source:                 Addr[1]
                            (input port)
  Destination:            mux_out[6]
                            (output port)
  Path Group:             (none)
  Path Type:              Max at Slow Process Corner
  Data Path Delay:        17.204ns  (logic 8.414ns (48.911%)  route 8.789ns (51.089%))
  Logic Levels:           13  (CARRY4=6 IBUF=1 LUT4=1 LUT5=2 LUT6=2 OBUF=1)

    Location             Delay type                Incr(ns)  Path(ns)    Netlist Resource(s)
  -------------------------------------------------------------------    -------------------
    V16                                               0.000     0.000 r  Addr[1] (IN)
                         net (fo=0)                   0.000     0.000    Addr[1]
    V16                  IBUF (Prop_ibuf_I_O)         1.461     1.461 r  Addr_IBUF[1]_inst/O
                         net (fo=119, routed)         3.336     4.797    Addr_IBUF[1]
    SLICE_X4Y14          LUT4 (Prop_lut4_I1_O)        0.124     4.921 r  mux_out_OBUF[8]_inst_i_16/O
                         net (fo=1, routed)           0.000     4.921    mux_out_OBUF[8]_inst_i_16_n_0
    SLICE_X4Y14          CARRY4 (Prop_carry4_S[1]_CO[3])
                                                      0.550     5.471 r  mux_out_OBUF[8]_inst_i_4/CO[3]
                         net (fo=1, routed)           0.000     5.471    mux_out_OBUF[8]_inst_i_4_n_0
    SLICE_X4Y15          CARRY4 (Prop_carry4_CI_CO[1])
                                                      0.157     5.628 r  mux_out_OBUF[8]_inst_i_3/CO[1]
                         net (fo=9, routed)           1.041     6.669    ALU_out0[3]
    SLICE_X2Y13          LUT5 (Prop_lut5_I0_O)        0.329     6.998 r  mux_out_OBUF[7]_inst_i_12/O
                         net (fo=1, routed)           0.000     6.998    mux_out_OBUF[7]_inst_i_12_n_0
    SLICE_X2Y13          CARRY4 (Prop_carry4_S[1]_CO[3])
                                                      0.533     7.531 r  mux_out_OBUF[7]_inst_i_4/CO[3]
                         net (fo=1, routed)           0.000     7.531    mux_out_OBUF[7]_inst_i_4_n_0
    SLICE_X2Y14          CARRY4 (Prop_carry4_CI_CO[2])
                                                      0.229     7.760 r  mux_out_OBUF[7]_inst_i_3/CO[2]
                         net (fo=9, routed)           1.042     8.801    ALU_out0[2]
    SLICE_X1Y13          LUT5 (Prop_lut5_I0_O)        0.310     9.111 r  mux_out_OBUF[6]_inst_i_11/O
                         net (fo=1, routed)           0.000     9.111    mux_out_OBUF[6]_inst_i_11_n_0
    SLICE_X1Y13          CARRY4 (Prop_carry4_S[1]_CO[3])
                                                      0.550     9.661 r  mux_out_OBUF[6]_inst_i_4/CO[3]
                         net (fo=1, routed)           0.000     9.661    mux_out_OBUF[6]_inst_i_4_n_0
    SLICE_X1Y14          CARRY4 (Prop_carry4_CI_CO[2])
                                                      0.228     9.889 r  mux_out_OBUF[6]_inst_i_3/CO[2]
                         net (fo=9, routed)           0.797    10.687    ALU_out0[1]
    SLICE_X1Y11          LUT6 (Prop_lut6_I0_O)        0.313    11.000 r  mux_out_OBUF[6]_inst_i_2/O
                         net (fo=1, routed)           0.505    11.505    mux_out_OBUF[6]_inst_i_2_n_0
    SLICE_X0Y11          LUT6 (Prop_lut6_I0_O)        0.124    11.629 r  mux_out_OBUF[6]_inst_i_1/O
                         net (fo=1, routed)           2.068    13.697    mux_out_OBUF[6]
    U14                  OBUF (Prop_obuf_I_O)         3.506    17.204 r  mux_out_OBUF[6]_inst/O
                         net (fo=0)                   0.000    17.204    mux_out[6]
    U14                                                               r  mux_out[6] (OUT)
  -------------------------------------------------------------------    -------------------

Slack:                    inf
  Source:                 Addr[1]
                            (input port)
  Destination:            mux_out[9]
                            (output port)
  Path Group:             (none)
  Path Type:              Max at Slow Process Corner
  Data Path Delay:        15.648ns  (logic 6.904ns (44.118%)  route 8.744ns (55.882%))
  Logic Levels:           9  (CARRY4=4 IBUF=1 LUT4=1 LUT5=1 LUT6=1 OBUF=1)

    Location             Delay type                Incr(ns)  Path(ns)    Netlist Resource(s)
  -------------------------------------------------------------------    -------------------
    V16                                               0.000     0.000 r  Addr[1] (IN)
                         net (fo=0)                   0.000     0.000    Addr[1]
    V16                  IBUF (Prop_ibuf_I_O)         1.461     1.461 r  Addr_IBUF[1]_inst/O
                         net (fo=119, routed)         2.006     3.468    Addr_IBUF[1]
    SLICE_X5Y10          LUT4 (Prop_lut4_I0_O)        0.124     3.592 r  mux_out_OBUF[1]_inst_i_10/O
                         net (fo=1, routed)           0.000     3.592    mux_out_OBUF[1]_inst_i_10_n_0
    SLICE_X5Y10          CARRY4 (Prop_carry4_S[1]_CO[3])
                                                      0.550     4.142 r  mux_out_OBUF[1]_inst_i_4/CO[3]
                         net (fo=1, routed)           0.000     4.142    mux_out_OBUF[1]_inst_i_4_n_0
    SLICE_X5Y11          CARRY4 (Prop_carry4_CI_O[1])
                                                      0.334     4.476 r  mux_out_OBUF[9]_inst_i_15/O[1]
                         net (fo=4, routed)           0.990     5.466    mux_out_OBUF[9]_inst_i_15_n_6
    SLICE_X5Y9           LUT5 (Prop_lut5_I0_O)        0.303     5.769 r  mux_out_OBUF[9]_inst_i_10/O
                         net (fo=1, routed)           0.474     6.243    mux_out_OBUF[9]_inst_i_10_n_0
    SLICE_X4Y10          CARRY4 (Prop_carry4_DI[3]_CO[3])
                                                      0.385     6.628 r  mux_out_OBUF[9]_inst_i_3/CO[3]
                         net (fo=1, routed)           0.000     6.628    mux_out_OBUF[9]_inst_i_3_n_0
    SLICE_X4Y11          CARRY4 (Prop_carry4_CI_CO[3])
                                                      0.114     6.742 r  mux_out_OBUF[9]_inst_i_2/CO[3]
                         net (fo=1, routed)           1.304     8.046    data2[9]
    SLICE_X5Y16          LUT6 (Prop_lut6_I0_O)        0.124     8.170 r  mux_out_OBUF[9]_inst_i_1/O
                         net (fo=1, routed)           3.970    12.140    mux_out_OBUF[9]
    V3                   OBUF (Prop_obuf_I_O)         3.508    15.648 r  mux_out_OBUF[9]_inst/O
                         net (fo=0)                   0.000    15.648    mux_out[9]
    V3                                                                r  mux_out[9] (OUT)
  -------------------------------------------------------------------    -------------------

Slack:                    inf
  Source:                 Addr[1]
                            (input port)
  Destination:            mux_out[7]
                            (output port)
  Path Group:             (none)
  Path Type:              Max at Slow Process Corner
  Data Path Delay:        15.075ns  (logic 7.318ns (48.544%)  route 7.757ns (51.456%))
  Logic Levels:           10  (CARRY4=4 IBUF=1 LUT4=1 LUT5=1 LUT6=2 OBUF=1)

    Location             Delay type                Incr(ns)  Path(ns)    Netlist Resource(s)
  -------------------------------------------------------------------    -------------------
    V16                                               0.000     0.000 r  Addr[1] (IN)
                         net (fo=0)                   0.000     0.000    Addr[1]
    V16                  IBUF (Prop_ibuf_I_O)         1.461     1.461 r  Addr_IBUF[1]_inst/O
                         net (fo=119, routed)         3.336     4.797    Addr_IBUF[1]
    SLICE_X4Y14          LUT4 (Prop_lut4_I1_O)        0.124     4.921 r  mux_out_OBUF[8]_inst_i_16/O
                         net (fo=1, routed)           0.000     4.921    mux_out_OBUF[8]_inst_i_16_n_0
    SLICE_X4Y14          CARRY4 (Prop_carry4_S[1]_CO[3])
                                                      0.550     5.471 r  mux_out_OBUF[8]_inst_i_4/CO[3]
                         net (fo=1, routed)           0.000     5.471    mux_out_OBUF[8]_inst_i_4_n_0
    SLICE_X4Y15          CARRY4 (Prop_carry4_CI_CO[1])
                                                      0.157     5.628 r  mux_out_OBUF[8]_inst_i_3/CO[1]
                         net (fo=9, routed)           1.041     6.669    ALU_out0[3]
    SLICE_X2Y13          LUT5 (Prop_lut5_I0_O)        0.329     6.998 r  mux_out_OBUF[7]_inst_i_12/O
                         net (fo=1, routed)           0.000     6.998    mux_out_OBUF[7]_inst_i_12_n_0
    SLICE_X2Y13          CARRY4 (Prop_carry4_S[1]_CO[3])
                                                      0.533     7.531 r  mux_out_OBUF[7]_inst_i_4/CO[3]
                         net (fo=1, routed)           0.000     7.531    mux_out_OBUF[7]_inst_i_4_n_0
    SLICE_X2Y14          CARRY4 (Prop_carry4_CI_CO[2])
                                                      0.229     7.760 r  mux_out_OBUF[7]_inst_i_3/CO[2]
                         net (fo=9, routed)           1.144     8.904    ALU_out0[2]
    SLICE_X1Y11          LUT6 (Prop_lut6_I0_O)        0.310     9.214 r  mux_out_OBUF[7]_inst_i_2/O
                         net (fo=1, routed)           0.302     9.517    mux_out_OBUF[7]_inst_i_2_n_0
    SLICE_X0Y9           LUT6 (Prop_lut6_I0_O)        0.124     9.641 r  mux_out_OBUF[7]_inst_i_1/O
                         net (fo=1, routed)           1.934    11.574    mux_out_OBUF[7]
    V14                  OBUF (Prop_obuf_I_O)         3.501    15.075 r  mux_out_OBUF[7]_inst/O
                         net (fo=0)                   0.000    15.075    mux_out[7]
    V14                                                               r  mux_out[7] (OUT)
  -------------------------------------------------------------------    -------------------

Slack:                    inf
  Source:                 Addr[1]
                            (input port)
  Destination:            mux_out[8]
                            (output port)
  Path Group:             (none)
  Path Type:              Max at Slow Process Corner
  Data Path Delay:        14.302ns  (logic 7.326ns (51.225%)  route 6.976ns (48.775%))
  Logic Levels:           10  (CARRY4=4 IBUF=1 LUT4=1 LUT5=1 LUT6=2 OBUF=1)

    Location             Delay type                Incr(ns)  Path(ns)    Netlist Resource(s)
  -------------------------------------------------------------------    -------------------
    V16                                               0.000     0.000 r  Addr[1] (IN)
                         net (fo=0)                   0.000     0.000    Addr[1]
    V16                  IBUF (Prop_ibuf_I_O)         1.461     1.461 r  Addr_IBUF[1]_inst/O
                         net (fo=119, routed)         2.006     3.468    Addr_IBUF[1]
    SLICE_X5Y10          LUT4 (Prop_lut4_I0_O)        0.124     3.592 r  mux_out_OBUF[1]_inst_i_10/O
                         net (fo=1, routed)           0.000     3.592    mux_out_OBUF[1]_inst_i_10_n_0
    SLICE_X5Y10          CARRY4 (Prop_carry4_S[1]_CO[3])
                                                      0.550     4.142 r  mux_out_OBUF[1]_inst_i_4/CO[3]
                         net (fo=1, routed)           0.000     4.142    mux_out_OBUF[1]_inst_i_4_n_0
    SLICE_X5Y11          CARRY4 (Prop_carry4_CI_O[1])
                                                      0.334     4.476 r  mux_out_OBUF[9]_inst_i_15/O[1]
                         net (fo=4, routed)           0.990     5.466    mux_out_OBUF[9]_inst_i_15_n_6
    SLICE_X5Y9           LUT5 (Prop_lut5_I0_O)        0.303     5.769 r  mux_out_OBUF[9]_inst_i_10/O
                         net (fo=1, routed)           0.474     6.243    mux_out_OBUF[9]_inst_i_10_n_0
    SLICE_X4Y10          CARRY4 (Prop_carry4_DI[3]_CO[3])
                                                      0.385     6.628 r  mux_out_OBUF[9]_inst_i_3/CO[3]
                         net (fo=1, routed)           0.000     6.628    mux_out_OBUF[9]_inst_i_3_n_0
    SLICE_X4Y11          CARRY4 (Prop_carry4_CI_O[2])
                                                      0.239     6.867 r  mux_out_OBUF[9]_inst_i_2/O[2]
                         net (fo=1, routed)           0.639     7.505    data2[8]
    SLICE_X5Y12          LUT6 (Prop_lut6_I1_O)        0.302     7.807 r  mux_out_OBUF[8]_inst_i_2/O
                         net (fo=1, routed)           0.950     8.757    mux_out_OBUF[8]_inst_i_2_n_0
    SLICE_X0Y11          LUT6 (Prop_lut6_I0_O)        0.124     8.881 r  mux_out_OBUF[8]_inst_i_1/O
                         net (fo=1, routed)           1.917    10.798    mux_out_OBUF[8]
    V13                  OBUF (Prop_obuf_I_O)         3.504    14.302 r  mux_out_OBUF[8]_inst/O
                         net (fo=0)                   0.000    14.302    mux_out[8]
    V13                                                               r  mux_out[8] (OUT)
  -------------------------------------------------------------------    -------------------





Min Delay Paths
--------------------------------------------------------------------------------------
Slack:                    inf
  Source:                 Addr[2]
                            (input port)
  Destination:            mux_out[5]
                            (output port)
  Path Group:             (none)
  Path Type:              Min at Fast Process Corner
  Data Path Delay:        2.280ns  (logic 1.492ns (65.455%)  route 0.788ns (34.545%))
  Logic Levels:           3  (IBUF=1 LUT6=1 OBUF=1)

    Location             Delay type                Incr(ns)  Path(ns)    Netlist Resource(s)
  -------------------------------------------------------------------    -------------------
    W16                                               0.000     0.000 r  Addr[2] (IN)
                         net (fo=0)                   0.000     0.000    Addr[2]
    W16                  IBUF (Prop_ibuf_I_O)         0.232     0.232 r  Addr_IBUF[2]_inst/O
                         net (fo=120, routed)         0.430     0.662    Addr_IBUF[2]
    SLICE_X0Y9           LUT6 (Prop_lut6_I5_O)        0.045     0.707 r  mux_out_OBUF[5]_inst_i_1/O
                         net (fo=1, routed)           0.357     1.064    mux_out_OBUF[5]
    U15                  OBUF (Prop_obuf_I_O)         1.216     2.280 r  mux_out_OBUF[5]_inst/O
                         net (fo=0)                   0.000     2.280    mux_out[5]
    U15                                                               r  mux_out[5] (OUT)
  -------------------------------------------------------------------    -------------------

Slack:                    inf
  Source:                 Addr[2]
                            (input port)
  Destination:            mux_out[0]
                            (output port)
  Path Group:             (none)
  Path Type:              Min at Fast Process Corner
  Data Path Delay:        2.281ns  (logic 1.483ns (64.999%)  route 0.798ns (35.001%))
  Logic Levels:           3  (IBUF=1 LUT6=1 OBUF=1)

    Location             Delay type                Incr(ns)  Path(ns)    Netlist Resource(s)
  -------------------------------------------------------------------    -------------------
    W16                                               0.000     0.000 r  Addr[2] (IN)
                         net (fo=0)                   0.000     0.000    Addr[2]
    W16                  IBUF (Prop_ibuf_I_O)         0.232     0.232 r  Addr_IBUF[2]_inst/O
                         net (fo=120, routed)         0.431     0.663    Addr_IBUF[2]
    SLICE_X0Y9           LUT6 (Prop_lut6_I1_O)        0.045     0.708 r  mux_out_OBUF[0]_inst_i_1/O
                         net (fo=1, routed)           0.367     1.075    mux_out_OBUF[0]
    U16                  OBUF (Prop_obuf_I_O)         1.206     2.281 r  mux_out_OBUF[0]_inst/O
                         net (fo=0)                   0.000     2.281    mux_out[0]
    U16                                                               r  mux_out[0] (OUT)
  -------------------------------------------------------------------    -------------------

Slack:                    inf
  Source:                 Addr[1]
                            (input port)
  Destination:            mux_out[8]
                            (output port)
  Path Group:             (none)
  Path Type:              Min at Fast Process Corner
  Data Path Delay:        2.343ns  (logic 1.480ns (63.135%)  route 0.864ns (36.865%))
  Logic Levels:           3  (IBUF=1 LUT6=1 OBUF=1)

    Location             Delay type                Incr(ns)  Path(ns)    Netlist Resource(s)
  -------------------------------------------------------------------    -------------------
    V16                                               0.000     0.000 r  Addr[1] (IN)
                         net (fo=0)                   0.000     0.000    Addr[1]
    V16                  IBUF (Prop_ibuf_I_O)         0.229     0.229 r  Addr_IBUF[1]_inst/O
                         net (fo=119, routed)         0.421     0.650    Addr_IBUF[1]
    SLICE_X0Y11          LUT6 (Prop_lut6_I4_O)        0.045     0.695 r  mux_out_OBUF[8]_inst_i_1/O
                         net (fo=1, routed)           0.443     1.138    mux_out_OBUF[8]
    V13                  OBUF (Prop_obuf_I_O)         1.205     2.343 r  mux_out_OBUF[8]_inst/O
                         net (fo=0)                   0.000     2.343    mux_out[8]
    V13                                                               r  mux_out[8] (OUT)
  -------------------------------------------------------------------    -------------------

Slack:                    inf
  Source:                 Addr[0]
                            (input port)
  Destination:            mux_out[6]
                            (output port)
  Path Group:             (none)
  Path Type:              Min at Fast Process Corner
  Data Path Delay:        2.403ns  (logic 1.473ns (61.310%)  route 0.930ns (38.690%))
  Logic Levels:           3  (IBUF=1 LUT6=1 OBUF=1)

    Location             Delay type                Incr(ns)  Path(ns)    Netlist Resource(s)
  -------------------------------------------------------------------    -------------------
    V17                                               0.000     0.000 r  Addr[0] (IN)
                         net (fo=0)                   0.000     0.000    Addr[0]
    V17                  IBUF (Prop_ibuf_I_O)         0.221     0.221 r  Addr_IBUF[0]_inst/O
                         net (fo=111, routed)         0.428     0.649    Addr_IBUF[0]
    SLICE_X0Y11          LUT6 (Prop_lut6_I3_O)        0.045     0.694 r  mux_out_OBUF[6]_inst_i_1/O
                         net (fo=1, routed)           0.501     1.196    mux_out_OBUF[6]
    U14                  OBUF (Prop_obuf_I_O)         1.207     2.403 r  mux_out_OBUF[6]_inst/O
                         net (fo=0)                   0.000     2.403    mux_out[6]
    U14                                                               r  mux_out[6] (OUT)
  -------------------------------------------------------------------    -------------------

Slack:                    inf
  Source:                 Addr[3]
                            (input port)
  Destination:            mux_out[7]
                            (output port)
  Path Group:             (none)
  Path Type:              Min at Fast Process Corner
  Data Path Delay:        2.452ns  (logic 1.463ns (59.674%)  route 0.989ns (40.326%))
  Logic Levels:           3  (IBUF=1 LUT6=1 OBUF=1)

    Location             Delay type                Incr(ns)  Path(ns)    Netlist Resource(s)
  -------------------------------------------------------------------    -------------------
    W17                                               0.000     0.000 r  Addr[3] (IN)
                         net (fo=0)                   0.000     0.000    Addr[3]
    W17                  IBUF (Prop_ibuf_I_O)         0.217     0.217 r  Addr_IBUF[3]_inst/O
                         net (fo=120, routed)         0.548     0.765    Addr_IBUF[3]
    SLICE_X0Y9           LUT6 (Prop_lut6_I2_O)        0.045     0.810 r  mux_out_OBUF[7]_inst_i_1/O
                         net (fo=1, routed)           0.441     1.251    mux_out_OBUF[7]
    V14                  OBUF (Prop_obuf_I_O)         1.202     2.452 r  mux_out_OBUF[7]_inst/O
                         net (fo=0)                   0.000     2.452    mux_out[7]
    V14                                                               r  mux_out[7] (OUT)
  -------------------------------------------------------------------    -------------------

Slack:                    inf
  Source:                 S
                            (input port)
  Destination:            mux_out[3]
                            (output port)
  Path Group:             (none)
  Path Type:              Min at Fast Process Corner
  Data Path Delay:        2.499ns  (logic 1.474ns (58.995%)  route 1.025ns (41.005%))
  Logic Levels:           3  (IBUF=1 LUT6=1 OBUF=1)

    Location             Delay type                Incr(ns)  Path(ns)    Netlist Resource(s)
  -------------------------------------------------------------------    -------------------
    W15                                               0.000     0.000 r  S (IN)
                         net (fo=0)                   0.000     0.000    S
    W15                  IBUF (Prop_ibuf_I_O)         0.219     0.219 r  S_IBUF_inst/O
                         net (fo=16, routed)          0.672     0.891    S_IBUF
    SLICE_X0Y16          LUT6 (Prop_lut6_I5_O)        0.045     0.936 r  mux_out_OBUF[3]_inst_i_1/O
                         net (fo=1, routed)           0.353     1.288    mux_out_OBUF[3]
    V19                  OBUF (Prop_obuf_I_O)         1.210     2.499 r  mux_out_OBUF[3]_inst/O
                         net (fo=0)                   0.000     2.499    mux_out[3]
    V19                                                               r  mux_out[3] (OUT)
  -------------------------------------------------------------------    -------------------

Slack:                    inf
  Source:                 Addr[0]
                            (input port)
  Destination:            mux_out[4]
                            (output port)
  Path Group:             (none)
  Path Type:              Min at Fast Process Corner
  Data Path Delay:        2.557ns  (logic 1.521ns (59.464%)  route 1.037ns (40.536%))
  Logic Levels:           4  (IBUF=1 LUT4=1 LUT6=1 OBUF=1)

    Location             Delay type                Incr(ns)  Path(ns)    Netlist Resource(s)
  -------------------------------------------------------------------    -------------------
    V17                                               0.000     0.000 r  Addr[0] (IN)
                         net (fo=0)                   0.000     0.000    Addr[0]
    V17                  IBUF (Prop_ibuf_I_O)         0.221     0.221 r  Addr_IBUF[0]_inst/O
                         net (fo=111, routed)         0.558     0.779    Addr_IBUF[0]
    SLICE_X3Y11          LUT4 (Prop_lut4_I3_O)        0.045     0.824 r  mux_out_OBUF[4]_inst_i_7/O
                         net (fo=1, routed)           0.049     0.873    mux_out_OBUF[4]_inst_i_7_n_0
    SLICE_X3Y11          LUT6 (Prop_lut6_I5_O)        0.045     0.918 r  mux_out_OBUF[4]_inst_i_1/O
                         net (fo=1, routed)           0.429     1.348    mux_out_OBUF[4]
    W18                  OBUF (Prop_obuf_I_O)         1.210     2.557 r  mux_out_OBUF[4]_inst/O
                         net (fo=0)                   0.000     2.557    mux_out[4]
    W18                                                               r  mux_out[4] (OUT)
  -------------------------------------------------------------------    -------------------

Slack:                    inf
  Source:                 Addr[0]
                            (input port)
  Destination:            mux_out[2]
                            (output port)
  Path Group:             (none)
  Path Type:              Min at Fast Process Corner
  Data Path Delay:        2.560ns  (logic 1.468ns (57.347%)  route 1.092ns (42.653%))
  Logic Levels:           3  (IBUF=1 LUT6=1 OBUF=1)

    Location             Delay type                Incr(ns)  Path(ns)    Netlist Resource(s)
  -------------------------------------------------------------------    -------------------
    V17                                               0.000     0.000 r  Addr[0] (IN)
                         net (fo=0)                   0.000     0.000    Addr[0]
    V17                  IBUF (Prop_ibuf_I_O)         0.221     0.221 r  Addr_IBUF[0]_inst/O
                         net (fo=111, routed)         0.678     0.899    Addr_IBUF[0]
    SLICE_X0Y16          LUT6 (Prop_lut6_I4_O)        0.045     0.944 r  mux_out_OBUF[2]_inst_i_1/O
                         net (fo=1, routed)           0.414     1.358    mux_out_OBUF[2]
    U19                  OBUF (Prop_obuf_I_O)         1.202     2.560 r  mux_out_OBUF[2]_inst/O
                         net (fo=0)                   0.000     2.560    mux_out[2]
    U19                                                               r  mux_out[2] (OUT)
  -------------------------------------------------------------------    -------------------

Slack:                    inf
  Source:                 Addr[0]
                            (input port)
  Destination:            mux_out[1]
                            (output port)
  Path Group:             (none)
  Path Type:              Min at Fast Process Corner
  Data Path Delay:        2.882ns  (logic 1.497ns (51.920%)  route 1.386ns (48.080%))
  Logic Levels:           3  (IBUF=1 LUT6=1 OBUF=1)

    Location             Delay type                Incr(ns)  Path(ns)    Netlist Resource(s)
  -------------------------------------------------------------------    -------------------
    V17                                               0.000     0.000 r  Addr[0] (IN)
                         net (fo=0)                   0.000     0.000    Addr[0]
    V17                  IBUF (Prop_ibuf_I_O)         0.221     0.221 r  Addr_IBUF[0]_inst/O
                         net (fo=111, routed)         0.749     0.970    Addr_IBUF[0]
    SLICE_X0Y16          LUT6 (Prop_lut6_I3_O)        0.045     1.015 r  mux_out_OBUF[1]_inst_i_1/O
                         net (fo=1, routed)           0.637     1.652    mux_out_OBUF[1]
    E19                  OBUF (Prop_obuf_I_O)         1.231     2.882 r  mux_out_OBUF[1]_inst/O
                         net (fo=0)                   0.000     2.882    mux_out[1]
    E19                                                               r  mux_out[1] (OUT)
  -------------------------------------------------------------------    -------------------

Slack:                    inf
  Source:                 S
                            (input port)
  Destination:            mux_out[11]
                            (output port)
  Path Group:             (none)
  Path Type:              Min at Fast Process Corner
  Data Path Delay:        3.761ns  (logic 1.469ns (39.049%)  route 2.293ns (60.951%))
  Logic Levels:           3  (IBUF=1 LUT5=1 OBUF=1)

    Location             Delay type                Incr(ns)  Path(ns)    Netlist Resource(s)
  -------------------------------------------------------------------    -------------------
    W15                                               0.000     0.000 f  S (IN)
                         net (fo=0)                   0.000     0.000    S
    W15                  IBUF (Prop_ibuf_I_O)         0.219     0.219 f  S_IBUF_inst/O
                         net (fo=16, routed)          0.827     1.046    S_IBUF
    SLICE_X3Y16          LUT5 (Prop_lut5_I4_O)        0.045     1.091 r  mux_out_OBUF[11]_inst_i_1/O
                         net (fo=1, routed)           1.466     2.556    mux_out_OBUF[11]
    U3                   OBUF (Prop_obuf_I_O)         1.205     3.761 r  mux_out_OBUF[11]_inst/O
                         net (fo=0)                   0.000     3.761    mux_out[11]
    U3                                                                r  mux_out[11] (OUT)
  -------------------------------------------------------------------    -------------------





