Copyright 1986-2022 Xilinx, Inc. All Rights Reserved. Copyright 2022-2023 Advanced Micro Devices, Inc. All Rights Reserved.
---------------------------------------------------------------------------------------------------------------------------------------------------------------------------------------------------------------------------------------------------------------------------------
| Tool Version : Vivado v.2023.2 (win64) Build 4029153 Fri Oct 13 20:14:34 MDT 2023
| Date         : Fri Apr 19 16:16:54 2024
| Host         : OmenLaptop running 64-bit major release  (build 9200)
| Command      : report_timing_summary -max_paths 10 -report_unconstrained -file design_IP_design3_Q3_wrapper_timing_summary_routed.rpt -pb design_IP_design3_Q3_wrapper_timing_summary_routed.pb -rpx design_IP_design3_Q3_wrapper_timing_summary_routed.rpx -warn_on_violation
| Design       : design_IP_design3_Q3_wrapper
| Device       : 7a35t-cpg236
| Speed File   : -1  PRODUCTION 1.23 2018-06-13
| Design State : Routed
---------------------------------------------------------------------------------------------------------------------------------------------------------------------------------------------------------------------------------------------------------------------------------

Timing Summary Report

------------------------------------------------------------------------------------------------
| Timer Settings
| --------------
------------------------------------------------------------------------------------------------

  Enable Multi Corner Analysis               :  Yes
  Enable Pessimism Removal                   :  Yes
  Pessimism Removal Resolution               :  Nearest Common Node
  Enable Input Delay Default Clock           :  No
  Enable Preset / Clear Arcs                 :  No
  Disable Flight Delays                      :  No
  Ignore I/O Paths                           :  No
  Timing Early Launch at Borrowing Latches   :  No
  Borrow Time for Max Delay Exceptions       :  Yes
  Merge Timing Exceptions                    :  Yes
  Inter-SLR Compensation                     :  Conservative

  Corner  Analyze    Analyze    
  Name    Max Paths  Min Paths  
  ------  ---------  ---------  
  Slow    Yes        Yes        
  Fast    Yes        Yes        


------------------------------------------------------------------------------------------------
| Report Methodology
| ------------------
------------------------------------------------------------------------------------------------

No report available as report_methodology has not been run prior. Run report_methodology on the current design for the summary of methodology violations.



check_timing report

Table of Contents
-----------------
1. checking no_clock (0)
2. checking constant_clock (0)
3. checking pulse_width_clock (0)
4. checking unconstrained_internal_endpoints (0)
5. checking no_input_delay (0)
6. checking no_output_delay (0)
7. checking multiple_clock (0)
8. checking generated_clocks (0)
9. checking loops (0)
10. checking partial_input_delay (0)
11. checking partial_output_delay (0)
12. checking latch_loops (0)

1. checking no_clock (0)
------------------------
 There are 0 register/latch pins with no clock.


2. checking constant_clock (0)
------------------------------
 There are 0 register/latch pins with constant_clock.


3. checking pulse_width_clock (0)
---------------------------------
 There are 0 register/latch pins which need pulse_width check


4. checking unconstrained_internal_endpoints (0)
------------------------------------------------
 There are 0 pins that are not constrained for maximum delay.

 There are 0 pins that are not constrained for maximum delay due to constant clock.


5. checking no_input_delay (0)
------------------------------
 There are 0 input ports with no input delay specified.

 There are 0 input ports with no input delay but user has a false path constraint.


6. checking no_output_delay (0)
-------------------------------
 There are 0 ports with no output delay specified.

 There are 0 ports with no output delay but user has a false path constraint

 There are 0 ports with no output delay but with a timing clock defined on it or propagating through it


7. checking multiple_clock (0)
------------------------------
 There are 0 register/latch pins with multiple clocks.


8. checking generated_clocks (0)
--------------------------------
 There are 0 generated clocks that are not connected to a clock source.


9. checking loops (0)
---------------------
 There are 0 combinational loops in the design.


10. checking partial_input_delay (0)
------------------------------------
 There are 0 input ports with partial input delay specified.


11. checking partial_output_delay (0)
-------------------------------------
 There are 0 ports with partial output delay specified.


12. checking latch_loops (0)
----------------------------
 There are 0 combinational latch loops in the design through latch input



------------------------------------------------------------------------------------------------
| Design Timing Summary
| ---------------------
------------------------------------------------------------------------------------------------

    WNS(ns)      TNS(ns)  TNS Failing Endpoints  TNS Total Endpoints      WHS(ns)      THS(ns)  THS Failing Endpoints  THS Total Endpoints     WPWS(ns)     TPWS(ns)  TPWS Failing Endpoints  TPWS Total Endpoints  
    -------      -------  ---------------------  -------------------      -------      -------  ---------------------  -------------------     --------     --------  ----------------------  --------------------  
        inf        0.000                      0                   14          inf        0.000                      0                   14           NA           NA                      NA                    NA  


There are no user specified timing constraints.


------------------------------------------------------------------------------------------------
| Clock Summary
| -------------
------------------------------------------------------------------------------------------------


------------------------------------------------------------------------------------------------
| Intra Clock Table
| -----------------
------------------------------------------------------------------------------------------------

Clock             WNS(ns)      TNS(ns)  TNS Failing Endpoints  TNS Total Endpoints      WHS(ns)      THS(ns)  THS Failing Endpoints  THS Total Endpoints     WPWS(ns)     TPWS(ns)  TPWS Failing Endpoints  TPWS Total Endpoints  
-----             -------      -------  ---------------------  -------------------      -------      -------  ---------------------  -------------------     --------     --------  ----------------------  --------------------  


------------------------------------------------------------------------------------------------
| Inter Clock Table
| -----------------
------------------------------------------------------------------------------------------------

From Clock    To Clock          WNS(ns)      TNS(ns)  TNS Failing Endpoints  TNS Total Endpoints      WHS(ns)      THS(ns)  THS Failing Endpoints  THS Total Endpoints  
----------    --------          -------      -------  ---------------------  -------------------      -------      -------  ---------------------  -------------------  


------------------------------------------------------------------------------------------------
| Other Path Groups Table
| -----------------------
------------------------------------------------------------------------------------------------

Path Group    From Clock    To Clock          WNS(ns)      TNS(ns)  TNS Failing Endpoints  TNS Total Endpoints      WHS(ns)      THS(ns)  THS Failing Endpoints  THS Total Endpoints  
----------    ----------    --------          -------      -------  ---------------------  -------------------      -------      -------  ---------------------  -------------------  


------------------------------------------------------------------------------------------------
| User Ignored Path Table
| -----------------------
------------------------------------------------------------------------------------------------

Path Group    From Clock    To Clock    
----------    ----------    --------    


------------------------------------------------------------------------------------------------
| Unconstrained Path Table
| ------------------------
------------------------------------------------------------------------------------------------

Path Group    From Clock    To Clock    
----------    ----------    --------    
(none)                                    


------------------------------------------------------------------------------------------------
| Timing Details
| --------------
------------------------------------------------------------------------------------------------


--------------------------------------------------------------------------------------
Path Group:  (none)
From Clock:  
  To Clock:  

Max Delay            14 Endpoints
Min Delay            14 Endpoints
--------------------------------------------------------------------------------------


Max Delay Paths
--------------------------------------------------------------------------------------
Slack:                    inf
  Source:                 Addr_0[3]
                            (input port)
  Destination:            mux_out_0[1]
                            (output port)
  Path Group:             (none)
  Path Type:              Max at Slow Process Corner
  Data Path Delay:        20.692ns  (logic 9.312ns (45.005%)  route 11.380ns (54.995%))
  Logic Levels:           16  (CARRY4=7 IBUF=1 LUT4=1 LUT5=4 LUT6=2 OBUF=1)

    Location             Delay type                Incr(ns)  Path(ns)    Netlist Resource(s)
  -------------------------------------------------------------------    -------------------
    W17                                               0.000     0.000 r  Addr_0[3] (IN)
                         net (fo=0)                   0.000     0.000    Addr_0[3]
    W17                  IBUF (Prop_ibuf_I_O)         1.448     1.448 r  Addr_0_IBUF[3]_inst/O
                         net (fo=120, routed)         2.369     3.817    design_IP_design3_Q3_i/design_EX3_1and2_0/U0/Addr[3]
    SLICE_X4Y13          LUT4 (Prop_lut4_I0_O)        0.124     3.941 r  design_IP_design3_Q3_i/design_EX3_1and2_0/U0/mux_out[8]_INST_0_i_8/O
                         net (fo=2, routed)           0.560     4.501    design_IP_design3_Q3_i/design_EX3_1and2_0/U0/ALU_out0[4]
    SLICE_X4Y14          CARRY4 (Prop_carry4_CYINIT_CO[3])
                                                      0.580     5.081 r  design_IP_design3_Q3_i/design_EX3_1and2_0/U0/mux_out[7]_INST_0_i_7/CO[3]
                         net (fo=1, routed)           0.000     5.081    design_IP_design3_Q3_i/design_EX3_1and2_0/U0/mux_out[7]_INST_0_i_7_n_0
    SLICE_X4Y15          CARRY4 (Prop_carry4_CI_CO[1])
                                                      0.157     5.238 r  design_IP_design3_Q3_i/design_EX3_1and2_0/U0/mux_out[4]_INST_0_i_26/CO[1]
                         net (fo=8, routed)           1.032     6.270    design_IP_design3_Q3_i/design_EX3_1and2_0/U0/mux_out[4]_INST_0_i_26_n_2
    SLICE_X6Y13          LUT5 (Prop_lut5_I0_O)        0.329     6.599 r  design_IP_design3_Q3_i/design_EX3_1and2_0/U0/mux_out[4]_INST_0_i_34/O
                         net (fo=1, routed)           0.000     6.599    design_IP_design3_Q3_i/design_EX3_1and2_0/U0/mux_out[4]_INST_0_i_34_n_0
    SLICE_X6Y13          CARRY4 (Prop_carry4_S[1]_CO[3])
                                                      0.533     7.132 r  design_IP_design3_Q3_i/design_EX3_1and2_0/U0/mux_out[4]_INST_0_i_18/CO[3]
                         net (fo=1, routed)           0.000     7.132    design_IP_design3_Q3_i/design_EX3_1and2_0/U0/mux_out[4]_INST_0_i_18_n_0
    SLICE_X6Y14          CARRY4 (Prop_carry4_CI_CO[2])
                                                      0.229     7.361 r  design_IP_design3_Q3_i/design_EX3_1and2_0/U0/mux_out[4]_INST_0_i_17/CO[2]
                         net (fo=8, routed)           1.136     8.497    design_IP_design3_Q3_i/design_EX3_1and2_0/U0/mux_out[4]_INST_0_i_17_n_1
    SLICE_X5Y12          LUT5 (Prop_lut5_I0_O)        0.310     8.807 r  design_IP_design3_Q3_i/design_EX3_1and2_0/U0/mux_out[4]_INST_0_i_23/O
                         net (fo=1, routed)           0.000     8.807    design_IP_design3_Q3_i/design_EX3_1and2_0/U0/mux_out[4]_INST_0_i_23_n_0
    SLICE_X5Y12          CARRY4 (Prop_carry4_S[3]_CO[3])
                                                      0.401     9.208 r  design_IP_design3_Q3_i/design_EX3_1and2_0/U0/mux_out[4]_INST_0_i_13/CO[3]
                         net (fo=1, routed)           0.000     9.208    design_IP_design3_Q3_i/design_EX3_1and2_0/U0/mux_out[4]_INST_0_i_13_n_0
    SLICE_X5Y13          CARRY4 (Prop_carry4_CI_CO[2])
                                                      0.228     9.436 r  design_IP_design3_Q3_i/design_EX3_1and2_0/U0/mux_out[4]_INST_0_i_12/CO[2]
                         net (fo=8, routed)           0.979    10.415    design_IP_design3_Q3_i/design_EX3_1and2_0/U0/mux_out[4]_INST_0_i_12_n_1
    SLICE_X3Y11          LUT5 (Prop_lut5_I0_O)        0.313    10.728 r  design_IP_design3_Q3_i/design_EX3_1and2_0/U0/mux_out[2]_INST_0_i_8/O
                         net (fo=1, routed)           0.000    10.728    design_IP_design3_Q3_i/design_EX3_1and2_0/U0/mux_out[2]_INST_0_i_8_n_0
    SLICE_X3Y11          CARRY4 (Prop_carry4_S[1]_O[2])
                                                      0.580    11.308 r  design_IP_design3_Q3_i/design_EX3_1and2_0/U0/mux_out[2]_INST_0_i_2/O[2]
                         net (fo=4, routed)           0.838    12.146    design_IP_design3_Q3_i/design_EX3_1and2_0/U0/mux_out[2]_INST_0_i_2_n_5
    SLICE_X2Y11          LUT5 (Prop_lut5_I4_O)        0.302    12.448 r  design_IP_design3_Q3_i/design_EX3_1and2_0/U0/mux_out[1]_INST_0_i_2/O
                         net (fo=1, routed)           0.944    13.392    design_IP_design3_Q3_i/design_EX3_1and2_0/U0/mux_out[1]_INST_0_i_2_n_0
    SLICE_X2Y10          LUT6 (Prop_lut6_I0_O)        0.124    13.516 r  design_IP_design3_Q3_i/design_EX3_1and2_0/U0/mux_out[1]_INST_0_i_1/O
                         net (fo=1, routed)           0.793    14.309    design_IP_design3_Q3_i/design_EX3_1and2_0/U0/mux_out[1]_INST_0_i_1_n_0
    SLICE_X0Y10          LUT6 (Prop_lut6_I0_O)        0.124    14.433 r  design_IP_design3_Q3_i/design_EX3_1and2_0/U0/mux_out[1]_INST_0/O
                         net (fo=1, routed)           2.729    17.162    mux_out_0_OBUF[1]
    E19                  OBUF (Prop_obuf_I_O)         3.530    20.692 r  mux_out_0_OBUF[1]_inst/O
                         net (fo=0)                   0.000    20.692    mux_out_0[1]
    E19                                                               r  mux_out_0[1] (OUT)
  -------------------------------------------------------------------    -------------------

Slack:                    inf
  Source:                 Addr_0[3]
                            (input port)
  Destination:            mux_out_0[5]
                            (output port)
  Path Group:             (none)
  Path Type:              Max at Slow Process Corner
  Data Path Delay:        19.580ns  (logic 9.008ns (46.007%)  route 10.572ns (53.993%))
  Logic Levels:           14  (CARRY4=6 IBUF=1 LUT4=1 LUT5=2 LUT6=3 OBUF=1)

    Location             Delay type                Incr(ns)  Path(ns)    Netlist Resource(s)
  -------------------------------------------------------------------    -------------------
    W17                                               0.000     0.000 r  Addr_0[3] (IN)
                         net (fo=0)                   0.000     0.000    Addr_0[3]
    W17                  IBUF (Prop_ibuf_I_O)         1.448     1.448 r  Addr_0_IBUF[3]_inst/O
                         net (fo=120, routed)         3.536     4.985    design_IP_design3_Q3_i/design_EX3_1and2_0/U0/Addr[3]
    SLICE_X2Y14          LUT4 (Prop_lut4_I3_O)        0.124     5.109 r  design_IP_design3_Q3_i/design_EX3_1and2_0/U0/mux_out[8]_INST_0_i_6/O
                         net (fo=1, routed)           0.000     5.109    design_IP_design3_Q3_i/design_EX3_1and2_0/U0/mux_out[8]_INST_0_i_6_n_0
    SLICE_X2Y14          CARRY4 (Prop_carry4_S[1]_CO[1])
                                                      0.492     5.601 r  design_IP_design3_Q3_i/design_EX3_1and2_0/U0/mux_out[8]_INST_0_i_2/CO[1]
                         net (fo=9, routed)           0.875     6.475    design_IP_design3_Q3_i/design_EX3_1and2_0/U0/ALU_out0[3]
    SLICE_X2Y15          LUT5 (Prop_lut5_I0_O)        0.332     6.807 r  design_IP_design3_Q3_i/design_EX3_1and2_0/U0/mux_out[7]_INST_0_i_11/O
                         net (fo=1, routed)           0.000     6.807    design_IP_design3_Q3_i/design_EX3_1and2_0/U0/mux_out[7]_INST_0_i_11_n_0
    SLICE_X2Y15          CARRY4 (Prop_carry4_S[1]_CO[3])
                                                      0.533     7.340 r  design_IP_design3_Q3_i/design_EX3_1and2_0/U0/mux_out[7]_INST_0_i_3/CO[3]
                         net (fo=1, routed)           0.000     7.340    design_IP_design3_Q3_i/design_EX3_1and2_0/U0/mux_out[7]_INST_0_i_3_n_0
    SLICE_X2Y16          CARRY4 (Prop_carry4_CI_CO[2])
                                                      0.229     7.569 r  design_IP_design3_Q3_i/design_EX3_1and2_0/U0/mux_out[7]_INST_0_i_2/CO[2]
                         net (fo=9, routed)           1.219     8.788    design_IP_design3_Q3_i/design_EX3_1and2_0/U0/ALU_out0[2]
    SLICE_X1Y16          LUT6 (Prop_lut6_I0_O)        0.310     9.098 r  design_IP_design3_Q3_i/design_EX3_1and2_0/U0/mux_out[6]_INST_0_i_5/O
                         net (fo=1, routed)           0.000     9.098    design_IP_design3_Q3_i/design_EX3_1and2_0/U0/mux_out[6]_INST_0_i_5_n_0
    SLICE_X1Y16          CARRY4 (Prop_carry4_S[1]_CO[2])
                                                      0.570     9.668 r  design_IP_design3_Q3_i/design_EX3_1and2_0/U0/mux_out[6]_INST_0_i_2/CO[2]
                         net (fo=9, routed)           1.280    10.949    design_IP_design3_Q3_i/design_EX3_1and2_0/U0/ALU_out0[1]
    SLICE_X0Y13          LUT5 (Prop_lut5_I0_O)        0.313    11.262 r  design_IP_design3_Q3_i/design_EX3_1and2_0/U0/mux_out[5]_INST_0_i_10/O
                         net (fo=1, routed)           0.000    11.262    design_IP_design3_Q3_i/design_EX3_1and2_0/U0/mux_out[5]_INST_0_i_10_n_0
    SLICE_X0Y13          CARRY4 (Prop_carry4_S[0]_CO[3])
                                                      0.532    11.794 r  design_IP_design3_Q3_i/design_EX3_1and2_0/U0/mux_out[5]_INST_0_i_3/CO[3]
                         net (fo=1, routed)           0.000    11.794    design_IP_design3_Q3_i/design_EX3_1and2_0/U0/mux_out[5]_INST_0_i_3_n_0
    SLICE_X0Y14          CARRY4 (Prop_carry4_CI_CO[1])
                                                      0.157    11.951 r  design_IP_design3_Q3_i/design_EX3_1and2_0/U0/mux_out[5]_INST_0_i_2/CO[1]
                         net (fo=1, routed)           1.163    13.113    design_IP_design3_Q3_i/design_EX3_1and2_0/U0/ALU_out0[0]
    SLICE_X1Y10          LUT6 (Prop_lut6_I1_O)        0.329    13.442 r  design_IP_design3_Q3_i/design_EX3_1and2_0/U0/mux_out[5]_INST_0_i_1/O
                         net (fo=1, routed)           0.627    14.069    design_IP_design3_Q3_i/design_EX3_1and2_0/U0/ALU_out[5]
    SLICE_X0Y10          LUT6 (Prop_lut6_I0_O)        0.124    14.193 r  design_IP_design3_Q3_i/design_EX3_1and2_0/U0/mux_out[5]_INST_0/O
                         net (fo=1, routed)           1.872    16.065    mux_out_0_OBUF[5]
    U15                  OBUF (Prop_obuf_I_O)         3.514    19.580 r  mux_out_0_OBUF[5]_inst/O
                         net (fo=0)                   0.000    19.580    mux_out_0[5]
    U15                                                               r  mux_out_0[5] (OUT)
  -------------------------------------------------------------------    -------------------

Slack:                    inf
  Source:                 Addr_0[3]
                            (input port)
  Destination:            mux_out_0[4]
                            (output port)
  Path Group:             (none)
  Path Type:              Max at Slow Process Corner
  Data Path Delay:        19.431ns  (logic 9.355ns (48.146%)  route 10.076ns (51.854%))
  Logic Levels:           16  (CARRY4=7 IBUF=1 LUT4=1 LUT5=3 LUT6=3 OBUF=1)

    Location             Delay type                Incr(ns)  Path(ns)    Netlist Resource(s)
  -------------------------------------------------------------------    -------------------
    W17                                               0.000     0.000 r  Addr_0[3] (IN)
                         net (fo=0)                   0.000     0.000    Addr_0[3]
    W17                  IBUF (Prop_ibuf_I_O)         1.448     1.448 r  Addr_0_IBUF[3]_inst/O
                         net (fo=120, routed)         2.369     3.817    design_IP_design3_Q3_i/design_EX3_1and2_0/U0/Addr[3]
    SLICE_X4Y13          LUT4 (Prop_lut4_I0_O)        0.124     3.941 r  design_IP_design3_Q3_i/design_EX3_1and2_0/U0/mux_out[8]_INST_0_i_8/O
                         net (fo=2, routed)           0.560     4.501    design_IP_design3_Q3_i/design_EX3_1and2_0/U0/ALU_out0[4]
    SLICE_X4Y14          CARRY4 (Prop_carry4_CYINIT_CO[3])
                                                      0.580     5.081 r  design_IP_design3_Q3_i/design_EX3_1and2_0/U0/mux_out[7]_INST_0_i_7/CO[3]
                         net (fo=1, routed)           0.000     5.081    design_IP_design3_Q3_i/design_EX3_1and2_0/U0/mux_out[7]_INST_0_i_7_n_0
    SLICE_X4Y15          CARRY4 (Prop_carry4_CI_CO[1])
                                                      0.157     5.238 r  design_IP_design3_Q3_i/design_EX3_1and2_0/U0/mux_out[4]_INST_0_i_26/CO[1]
                         net (fo=8, routed)           1.032     6.270    design_IP_design3_Q3_i/design_EX3_1and2_0/U0/mux_out[4]_INST_0_i_26_n_2
    SLICE_X6Y13          LUT5 (Prop_lut5_I0_O)        0.329     6.599 r  design_IP_design3_Q3_i/design_EX3_1and2_0/U0/mux_out[4]_INST_0_i_34/O
                         net (fo=1, routed)           0.000     6.599    design_IP_design3_Q3_i/design_EX3_1and2_0/U0/mux_out[4]_INST_0_i_34_n_0
    SLICE_X6Y13          CARRY4 (Prop_carry4_S[1]_CO[3])
                                                      0.533     7.132 r  design_IP_design3_Q3_i/design_EX3_1and2_0/U0/mux_out[4]_INST_0_i_18/CO[3]
                         net (fo=1, routed)           0.000     7.132    design_IP_design3_Q3_i/design_EX3_1and2_0/U0/mux_out[4]_INST_0_i_18_n_0
    SLICE_X6Y14          CARRY4 (Prop_carry4_CI_CO[2])
                                                      0.229     7.361 r  design_IP_design3_Q3_i/design_EX3_1and2_0/U0/mux_out[4]_INST_0_i_17/CO[2]
                         net (fo=8, routed)           1.136     8.497    design_IP_design3_Q3_i/design_EX3_1and2_0/U0/mux_out[4]_INST_0_i_17_n_1
    SLICE_X5Y12          LUT5 (Prop_lut5_I0_O)        0.310     8.807 r  design_IP_design3_Q3_i/design_EX3_1and2_0/U0/mux_out[4]_INST_0_i_23/O
                         net (fo=1, routed)           0.000     8.807    design_IP_design3_Q3_i/design_EX3_1and2_0/U0/mux_out[4]_INST_0_i_23_n_0
    SLICE_X5Y12          CARRY4 (Prop_carry4_S[3]_CO[3])
                                                      0.401     9.208 r  design_IP_design3_Q3_i/design_EX3_1and2_0/U0/mux_out[4]_INST_0_i_13/CO[3]
                         net (fo=1, routed)           0.000     9.208    design_IP_design3_Q3_i/design_EX3_1and2_0/U0/mux_out[4]_INST_0_i_13_n_0
    SLICE_X5Y13          CARRY4 (Prop_carry4_CI_CO[2])
                                                      0.228     9.436 r  design_IP_design3_Q3_i/design_EX3_1and2_0/U0/mux_out[4]_INST_0_i_12/CO[2]
                         net (fo=8, routed)           0.979    10.415    design_IP_design3_Q3_i/design_EX3_1and2_0/U0/mux_out[4]_INST_0_i_12_n_1
    SLICE_X3Y11          LUT5 (Prop_lut5_I0_O)        0.313    10.728 r  design_IP_design3_Q3_i/design_EX3_1and2_0/U0/mux_out[2]_INST_0_i_8/O
                         net (fo=1, routed)           0.000    10.728    design_IP_design3_Q3_i/design_EX3_1and2_0/U0/mux_out[2]_INST_0_i_8_n_0
    SLICE_X3Y11          CARRY4 (Prop_carry4_S[1]_O[3])
                                                      0.640    11.368 r  design_IP_design3_Q3_i/design_EX3_1and2_0/U0/mux_out[2]_INST_0_i_2/O[3]
                         net (fo=4, routed)           0.856    12.224    design_IP_design3_Q3_i/design_EX3_1and2_0/U0/mux_out[2]_INST_0_i_2_n_4
    SLICE_X1Y12          LUT6 (Prop_lut6_I0_O)        0.306    12.530 r  design_IP_design3_Q3_i/design_EX3_1and2_0/U0/mux_out[4]_INST_0_i_10/O
                         net (fo=1, routed)           0.973    13.503    design_IP_design3_Q3_i/design_EX3_1and2_0/U0/mux_out[4]_INST_0_i_10_n_0
    SLICE_X2Y12          LUT6 (Prop_lut6_I3_O)        0.124    13.627 r  design_IP_design3_Q3_i/design_EX3_1and2_0/U0/mux_out[4]_INST_0_i_4/O
                         net (fo=1, routed)           0.282    13.909    design_IP_design3_Q3_i/design_EX3_1and2_0/U0/mux_out[4]_INST_0_i_4_n_0
    SLICE_X2Y12          LUT6 (Prop_lut6_I3_O)        0.124    14.033 r  design_IP_design3_Q3_i/design_EX3_1and2_0/U0/mux_out[4]_INST_0/O
                         net (fo=1, routed)           1.889    15.922    mux_out_0_OBUF[4]
    W18                  OBUF (Prop_obuf_I_O)         3.509    19.431 r  mux_out_0_OBUF[4]_inst/O
                         net (fo=0)                   0.000    19.431    mux_out_0[4]
    W18                                                               r  mux_out_0[4] (OUT)
  -------------------------------------------------------------------    -------------------

Slack:                    inf
  Source:                 Addr_0[3]
                            (input port)
  Destination:            mux_out_0[2]
                            (output port)
  Path Group:             (none)
  Path Type:              Max at Slow Process Corner
  Data Path Delay:        19.283ns  (logic 9.283ns (48.143%)  route 9.999ns (51.857%))
  Logic Levels:           16  (CARRY4=7 IBUF=1 LUT4=1 LUT5=3 LUT6=3 OBUF=1)

    Location             Delay type                Incr(ns)  Path(ns)    Netlist Resource(s)
  -------------------------------------------------------------------    -------------------
    W17                                               0.000     0.000 r  Addr_0[3] (IN)
                         net (fo=0)                   0.000     0.000    Addr_0[3]
    W17                  IBUF (Prop_ibuf_I_O)         1.448     1.448 r  Addr_0_IBUF[3]_inst/O
                         net (fo=120, routed)         2.369     3.817    design_IP_design3_Q3_i/design_EX3_1and2_0/U0/Addr[3]
    SLICE_X4Y13          LUT4 (Prop_lut4_I0_O)        0.124     3.941 r  design_IP_design3_Q3_i/design_EX3_1and2_0/U0/mux_out[8]_INST_0_i_8/O
                         net (fo=2, routed)           0.560     4.501    design_IP_design3_Q3_i/design_EX3_1and2_0/U0/ALU_out0[4]
    SLICE_X4Y14          CARRY4 (Prop_carry4_CYINIT_CO[3])
                                                      0.580     5.081 r  design_IP_design3_Q3_i/design_EX3_1and2_0/U0/mux_out[7]_INST_0_i_7/CO[3]
                         net (fo=1, routed)           0.000     5.081    design_IP_design3_Q3_i/design_EX3_1and2_0/U0/mux_out[7]_INST_0_i_7_n_0
    SLICE_X4Y15          CARRY4 (Prop_carry4_CI_CO[1])
                                                      0.157     5.238 r  design_IP_design3_Q3_i/design_EX3_1and2_0/U0/mux_out[4]_INST_0_i_26/CO[1]
                         net (fo=8, routed)           1.032     6.270    design_IP_design3_Q3_i/design_EX3_1and2_0/U0/mux_out[4]_INST_0_i_26_n_2
    SLICE_X6Y13          LUT5 (Prop_lut5_I0_O)        0.329     6.599 r  design_IP_design3_Q3_i/design_EX3_1and2_0/U0/mux_out[4]_INST_0_i_34/O
                         net (fo=1, routed)           0.000     6.599    design_IP_design3_Q3_i/design_EX3_1and2_0/U0/mux_out[4]_INST_0_i_34_n_0
    SLICE_X6Y13          CARRY4 (Prop_carry4_S[1]_CO[3])
                                                      0.533     7.132 r  design_IP_design3_Q3_i/design_EX3_1and2_0/U0/mux_out[4]_INST_0_i_18/CO[3]
                         net (fo=1, routed)           0.000     7.132    design_IP_design3_Q3_i/design_EX3_1and2_0/U0/mux_out[4]_INST_0_i_18_n_0
    SLICE_X6Y14          CARRY4 (Prop_carry4_CI_CO[2])
                                                      0.229     7.361 r  design_IP_design3_Q3_i/design_EX3_1and2_0/U0/mux_out[4]_INST_0_i_17/CO[2]
                         net (fo=8, routed)           1.136     8.497    design_IP_design3_Q3_i/design_EX3_1and2_0/U0/mux_out[4]_INST_0_i_17_n_1
    SLICE_X5Y12          LUT5 (Prop_lut5_I0_O)        0.310     8.807 r  design_IP_design3_Q3_i/design_EX3_1and2_0/U0/mux_out[4]_INST_0_i_23/O
                         net (fo=1, routed)           0.000     8.807    design_IP_design3_Q3_i/design_EX3_1and2_0/U0/mux_out[4]_INST_0_i_23_n_0
    SLICE_X5Y12          CARRY4 (Prop_carry4_S[3]_CO[3])
                                                      0.401     9.208 r  design_IP_design3_Q3_i/design_EX3_1and2_0/U0/mux_out[4]_INST_0_i_13/CO[3]
                         net (fo=1, routed)           0.000     9.208    design_IP_design3_Q3_i/design_EX3_1and2_0/U0/mux_out[4]_INST_0_i_13_n_0
    SLICE_X5Y13          CARRY4 (Prop_carry4_CI_CO[2])
                                                      0.228     9.436 r  design_IP_design3_Q3_i/design_EX3_1and2_0/U0/mux_out[4]_INST_0_i_12/CO[2]
                         net (fo=8, routed)           0.979    10.415    design_IP_design3_Q3_i/design_EX3_1and2_0/U0/mux_out[4]_INST_0_i_12_n_1
    SLICE_X3Y11          LUT5 (Prop_lut5_I0_O)        0.313    10.728 r  design_IP_design3_Q3_i/design_EX3_1and2_0/U0/mux_out[2]_INST_0_i_8/O
                         net (fo=1, routed)           0.000    10.728    design_IP_design3_Q3_i/design_EX3_1and2_0/U0/mux_out[2]_INST_0_i_8_n_0
    SLICE_X3Y11          CARRY4 (Prop_carry4_S[1]_O[2])
                                                      0.580    11.308 r  design_IP_design3_Q3_i/design_EX3_1and2_0/U0/mux_out[2]_INST_0_i_2/O[2]
                         net (fo=4, routed)           1.119    12.427    design_IP_design3_Q3_i/design_EX3_1and2_0/U0/mux_out[2]_INST_0_i_2_n_5
    SLICE_X1Y12          LUT6 (Prop_lut6_I0_O)        0.302    12.729 r  design_IP_design3_Q3_i/design_EX3_1and2_0/U0/mux_out[2]_INST_0_i_3/O
                         net (fo=1, routed)           0.433    13.162    design_IP_design3_Q3_i/design_EX3_1and2_0/U0/mux_out[2]_INST_0_i_3_n_0
    SLICE_X1Y12          LUT6 (Prop_lut6_I4_O)        0.124    13.286 r  design_IP_design3_Q3_i/design_EX3_1and2_0/U0/mux_out[2]_INST_0_i_1/O
                         net (fo=1, routed)           0.505    13.791    design_IP_design3_Q3_i/design_EX3_1and2_0/U0/mux_out[2]_INST_0_i_1_n_0
    SLICE_X0Y12          LUT6 (Prop_lut6_I5_O)        0.124    13.915 r  design_IP_design3_Q3_i/design_EX3_1and2_0/U0/mux_out[2]_INST_0/O
                         net (fo=1, routed)           1.867    15.782    mux_out_0_OBUF[2]
    U19                  OBUF (Prop_obuf_I_O)         3.501    19.283 r  mux_out_0_OBUF[2]_inst/O
                         net (fo=0)                   0.000    19.283    mux_out_0[2]
    U19                                                               r  mux_out_0[2] (OUT)
  -------------------------------------------------------------------    -------------------

Slack:                    inf
  Source:                 Addr_0[3]
                            (input port)
  Destination:            mux_out_0[0]
                            (output port)
  Path Group:             (none)
  Path Type:              Max at Slow Process Corner
  Data Path Delay:        18.967ns  (logic 9.347ns (49.281%)  route 9.620ns (50.719%))
  Logic Levels:           17  (CARRY4=8 IBUF=1 LUT4=1 LUT5=3 LUT6=3 OBUF=1)

    Location             Delay type                Incr(ns)  Path(ns)    Netlist Resource(s)
  -------------------------------------------------------------------    -------------------
    W17                                               0.000     0.000 r  Addr_0[3] (IN)
                         net (fo=0)                   0.000     0.000    Addr_0[3]
    W17                  IBUF (Prop_ibuf_I_O)         1.448     1.448 r  Addr_0_IBUF[3]_inst/O
                         net (fo=120, routed)         2.369     3.817    design_IP_design3_Q3_i/design_EX3_1and2_0/U0/Addr[3]
    SLICE_X4Y13          LUT4 (Prop_lut4_I0_O)        0.124     3.941 r  design_IP_design3_Q3_i/design_EX3_1and2_0/U0/mux_out[8]_INST_0_i_8/O
                         net (fo=2, routed)           0.560     4.501    design_IP_design3_Q3_i/design_EX3_1and2_0/U0/ALU_out0[4]
    SLICE_X4Y14          CARRY4 (Prop_carry4_CYINIT_CO[3])
                                                      0.580     5.081 r  design_IP_design3_Q3_i/design_EX3_1and2_0/U0/mux_out[7]_INST_0_i_7/CO[3]
                         net (fo=1, routed)           0.000     5.081    design_IP_design3_Q3_i/design_EX3_1and2_0/U0/mux_out[7]_INST_0_i_7_n_0
    SLICE_X4Y15          CARRY4 (Prop_carry4_CI_CO[1])
                                                      0.157     5.238 r  design_IP_design3_Q3_i/design_EX3_1and2_0/U0/mux_out[4]_INST_0_i_26/CO[1]
                         net (fo=8, routed)           1.032     6.270    design_IP_design3_Q3_i/design_EX3_1and2_0/U0/mux_out[4]_INST_0_i_26_n_2
    SLICE_X6Y13          LUT5 (Prop_lut5_I0_O)        0.329     6.599 r  design_IP_design3_Q3_i/design_EX3_1and2_0/U0/mux_out[4]_INST_0_i_34/O
                         net (fo=1, routed)           0.000     6.599    design_IP_design3_Q3_i/design_EX3_1and2_0/U0/mux_out[4]_INST_0_i_34_n_0
    SLICE_X6Y13          CARRY4 (Prop_carry4_S[1]_CO[3])
                                                      0.533     7.132 r  design_IP_design3_Q3_i/design_EX3_1and2_0/U0/mux_out[4]_INST_0_i_18/CO[3]
                         net (fo=1, routed)           0.000     7.132    design_IP_design3_Q3_i/design_EX3_1and2_0/U0/mux_out[4]_INST_0_i_18_n_0
    SLICE_X6Y14          CARRY4 (Prop_carry4_CI_CO[2])
                                                      0.229     7.361 r  design_IP_design3_Q3_i/design_EX3_1and2_0/U0/mux_out[4]_INST_0_i_17/CO[2]
                         net (fo=8, routed)           1.136     8.497    design_IP_design3_Q3_i/design_EX3_1and2_0/U0/mux_out[4]_INST_0_i_17_n_1
    SLICE_X5Y12          LUT5 (Prop_lut5_I0_O)        0.310     8.807 r  design_IP_design3_Q3_i/design_EX3_1and2_0/U0/mux_out[4]_INST_0_i_23/O
                         net (fo=1, routed)           0.000     8.807    design_IP_design3_Q3_i/design_EX3_1and2_0/U0/mux_out[4]_INST_0_i_23_n_0
    SLICE_X5Y12          CARRY4 (Prop_carry4_S[3]_CO[3])
                                                      0.401     9.208 r  design_IP_design3_Q3_i/design_EX3_1and2_0/U0/mux_out[4]_INST_0_i_13/CO[3]
                         net (fo=1, routed)           0.000     9.208    design_IP_design3_Q3_i/design_EX3_1and2_0/U0/mux_out[4]_INST_0_i_13_n_0
    SLICE_X5Y13          CARRY4 (Prop_carry4_CI_CO[2])
                                                      0.228     9.436 r  design_IP_design3_Q3_i/design_EX3_1and2_0/U0/mux_out[4]_INST_0_i_12/CO[2]
                         net (fo=8, routed)           1.152    10.588    design_IP_design3_Q3_i/design_EX3_1and2_0/U0/mux_out[4]_INST_0_i_12_n_1
    SLICE_X3Y11          LUT5 (Prop_lut5_I0_O)        0.313    10.901 r  design_IP_design3_Q3_i/design_EX3_1and2_0/U0/mux_out[2]_INST_0_i_6/O
                         net (fo=1, routed)           0.000    10.901    design_IP_design3_Q3_i/design_EX3_1and2_0/U0/mux_out[2]_INST_0_i_6_n_0
    SLICE_X3Y11          CARRY4 (Prop_carry4_S[3]_CO[3])
                                                      0.401    11.302 r  design_IP_design3_Q3_i/design_EX3_1and2_0/U0/mux_out[2]_INST_0_i_2/CO[3]
                         net (fo=1, routed)           0.000    11.302    design_IP_design3_Q3_i/design_EX3_1and2_0/U0/mux_out[2]_INST_0_i_2_n_0
    SLICE_X3Y12          CARRY4 (Prop_carry4_CI_CO[2])
                                                      0.228    11.530 r  design_IP_design3_Q3_i/design_EX3_1and2_0/U0/mux_out[4]_INST_0_i_11/CO[2]
                         net (fo=5, routed)           0.697    12.227    design_IP_design3_Q3_i/design_EX3_1and2_0/U0/mux_out[4]_INST_0_i_11_n_1
    SLICE_X1Y11          LUT6 (Prop_lut6_I0_O)        0.313    12.540 r  design_IP_design3_Q3_i/design_EX3_1and2_0/U0/mux_out[0]_INST_0_i_2/O
                         net (fo=1, routed)           0.295    12.835    design_IP_design3_Q3_i/design_EX3_1and2_0/U0/mux_out[0]_INST_0_i_2_n_0
    SLICE_X1Y10          LUT6 (Prop_lut6_I0_O)        0.124    12.959 r  design_IP_design3_Q3_i/design_EX3_1and2_0/U0/mux_out[0]_INST_0_i_1/O
                         net (fo=1, routed)           0.505    13.464    design_IP_design3_Q3_i/design_EX3_1and2_0/U0/mux_out[0]_INST_0_i_1_n_0
    SLICE_X0Y10          LUT6 (Prop_lut6_I0_O)        0.124    13.588 r  design_IP_design3_Q3_i/design_EX3_1and2_0/U0/mux_out[0]_INST_0/O
                         net (fo=1, routed)           1.874    15.462    mux_out_0_OBUF[0]
    U16                  OBUF (Prop_obuf_I_O)         3.505    18.967 r  mux_out_0_OBUF[0]_inst/O
                         net (fo=0)                   0.000    18.967    mux_out_0[0]
    U16                                                               r  mux_out_0[0] (OUT)
  -------------------------------------------------------------------    -------------------

Slack:                    inf
  Source:                 Addr_0[3]
                            (input port)
  Destination:            mux_out_0[3]
                            (output port)
  Path Group:             (none)
  Path Type:              Max at Slow Process Corner
  Data Path Delay:        18.701ns  (logic 9.356ns (50.026%)  route 9.346ns (49.974%))
  Logic Levels:           16  (CARRY4=7 IBUF=1 LUT4=1 LUT5=3 LUT6=3 OBUF=1)

    Location             Delay type                Incr(ns)  Path(ns)    Netlist Resource(s)
  -------------------------------------------------------------------    -------------------
    W17                                               0.000     0.000 r  Addr_0[3] (IN)
                         net (fo=0)                   0.000     0.000    Addr_0[3]
    W17                  IBUF (Prop_ibuf_I_O)         1.448     1.448 r  Addr_0_IBUF[3]_inst/O
                         net (fo=120, routed)         2.369     3.817    design_IP_design3_Q3_i/design_EX3_1and2_0/U0/Addr[3]
    SLICE_X4Y13          LUT4 (Prop_lut4_I0_O)        0.124     3.941 r  design_IP_design3_Q3_i/design_EX3_1and2_0/U0/mux_out[8]_INST_0_i_8/O
                         net (fo=2, routed)           0.560     4.501    design_IP_design3_Q3_i/design_EX3_1and2_0/U0/ALU_out0[4]
    SLICE_X4Y14          CARRY4 (Prop_carry4_CYINIT_CO[3])
                                                      0.580     5.081 r  design_IP_design3_Q3_i/design_EX3_1and2_0/U0/mux_out[7]_INST_0_i_7/CO[3]
                         net (fo=1, routed)           0.000     5.081    design_IP_design3_Q3_i/design_EX3_1and2_0/U0/mux_out[7]_INST_0_i_7_n_0
    SLICE_X4Y15          CARRY4 (Prop_carry4_CI_CO[1])
                                                      0.157     5.238 r  design_IP_design3_Q3_i/design_EX3_1and2_0/U0/mux_out[4]_INST_0_i_26/CO[1]
                         net (fo=8, routed)           1.032     6.270    design_IP_design3_Q3_i/design_EX3_1and2_0/U0/mux_out[4]_INST_0_i_26_n_2
    SLICE_X6Y13          LUT5 (Prop_lut5_I0_O)        0.329     6.599 r  design_IP_design3_Q3_i/design_EX3_1and2_0/U0/mux_out[4]_INST_0_i_34/O
                         net (fo=1, routed)           0.000     6.599    design_IP_design3_Q3_i/design_EX3_1and2_0/U0/mux_out[4]_INST_0_i_34_n_0
    SLICE_X6Y13          CARRY4 (Prop_carry4_S[1]_CO[3])
                                                      0.533     7.132 r  design_IP_design3_Q3_i/design_EX3_1and2_0/U0/mux_out[4]_INST_0_i_18/CO[3]
                         net (fo=1, routed)           0.000     7.132    design_IP_design3_Q3_i/design_EX3_1and2_0/U0/mux_out[4]_INST_0_i_18_n_0
    SLICE_X6Y14          CARRY4 (Prop_carry4_CI_CO[2])
                                                      0.229     7.361 r  design_IP_design3_Q3_i/design_EX3_1and2_0/U0/mux_out[4]_INST_0_i_17/CO[2]
                         net (fo=8, routed)           1.136     8.497    design_IP_design3_Q3_i/design_EX3_1and2_0/U0/mux_out[4]_INST_0_i_17_n_1
    SLICE_X5Y12          LUT5 (Prop_lut5_I0_O)        0.310     8.807 r  design_IP_design3_Q3_i/design_EX3_1and2_0/U0/mux_out[4]_INST_0_i_23/O
                         net (fo=1, routed)           0.000     8.807    design_IP_design3_Q3_i/design_EX3_1and2_0/U0/mux_out[4]_INST_0_i_23_n_0
    SLICE_X5Y12          CARRY4 (Prop_carry4_S[3]_CO[3])
                                                      0.401     9.208 r  design_IP_design3_Q3_i/design_EX3_1and2_0/U0/mux_out[4]_INST_0_i_13/CO[3]
                         net (fo=1, routed)           0.000     9.208    design_IP_design3_Q3_i/design_EX3_1and2_0/U0/mux_out[4]_INST_0_i_13_n_0
    SLICE_X5Y13          CARRY4 (Prop_carry4_CI_CO[2])
                                                      0.228     9.436 r  design_IP_design3_Q3_i/design_EX3_1and2_0/U0/mux_out[4]_INST_0_i_12/CO[2]
                         net (fo=8, routed)           0.979    10.415    design_IP_design3_Q3_i/design_EX3_1and2_0/U0/mux_out[4]_INST_0_i_12_n_1
    SLICE_X3Y11          LUT5 (Prop_lut5_I0_O)        0.313    10.728 r  design_IP_design3_Q3_i/design_EX3_1and2_0/U0/mux_out[2]_INST_0_i_8/O
                         net (fo=1, routed)           0.000    10.728    design_IP_design3_Q3_i/design_EX3_1and2_0/U0/mux_out[2]_INST_0_i_8_n_0
    SLICE_X3Y11          CARRY4 (Prop_carry4_S[1]_O[3])
                                                      0.640    11.368 r  design_IP_design3_Q3_i/design_EX3_1and2_0/U0/mux_out[2]_INST_0_i_2/O[3]
                         net (fo=4, routed)           0.510    11.878    design_IP_design3_Q3_i/design_EX3_1and2_0/U0/mux_out[2]_INST_0_i_2_n_4
    SLICE_X2Y11          LUT6 (Prop_lut6_I5_O)        0.306    12.184 r  design_IP_design3_Q3_i/design_EX3_1and2_0/U0/mux_out[3]_INST_0_i_4/O
                         net (fo=1, routed)           0.591    12.775    design_IP_design3_Q3_i/design_EX3_1and2_0/U0/mux_out[3]_INST_0_i_4_n_0
    SLICE_X2Y12          LUT6 (Prop_lut6_I2_O)        0.124    12.899 r  design_IP_design3_Q3_i/design_EX3_1and2_0/U0/mux_out[3]_INST_0_i_1/O
                         net (fo=1, routed)           0.291    13.190    design_IP_design3_Q3_i/design_EX3_1and2_0/U0/mux_out[3]_INST_0_i_1_n_0
    SLICE_X0Y12          LUT6 (Prop_lut6_I0_O)        0.124    13.314 r  design_IP_design3_Q3_i/design_EX3_1and2_0/U0/mux_out[3]_INST_0/O
                         net (fo=1, routed)           1.878    15.192    mux_out_0_OBUF[3]
    V19                  OBUF (Prop_obuf_I_O)         3.509    18.701 r  mux_out_0_OBUF[3]_inst/O
                         net (fo=0)                   0.000    18.701    mux_out_0[3]
    V19                                                               r  mux_out_0[3] (OUT)
  -------------------------------------------------------------------    -------------------

Slack:                    inf
  Source:                 Addr_0[3]
                            (input port)
  Destination:            mux_out_0[6]
                            (output port)
  Path Group:             (none)
  Path Type:              Max at Slow Process Corner
  Data Path Delay:        16.604ns  (logic 7.982ns (48.071%)  route 8.622ns (51.929%))
  Logic Levels:           11  (CARRY4=4 IBUF=1 LUT4=1 LUT5=1 LUT6=3 OBUF=1)

    Location             Delay type                Incr(ns)  Path(ns)    Netlist Resource(s)
  -------------------------------------------------------------------    -------------------
    W17                                               0.000     0.000 r  Addr_0[3] (IN)
                         net (fo=0)                   0.000     0.000    Addr_0[3]
    W17                  IBUF (Prop_ibuf_I_O)         1.448     1.448 r  Addr_0_IBUF[3]_inst/O
                         net (fo=120, routed)         3.536     4.985    design_IP_design3_Q3_i/design_EX3_1and2_0/U0/Addr[3]
    SLICE_X2Y14          LUT4 (Prop_lut4_I3_O)        0.124     5.109 r  design_IP_design3_Q3_i/design_EX3_1and2_0/U0/mux_out[8]_INST_0_i_6/O
                         net (fo=1, routed)           0.000     5.109    design_IP_design3_Q3_i/design_EX3_1and2_0/U0/mux_out[8]_INST_0_i_6_n_0
    SLICE_X2Y14          CARRY4 (Prop_carry4_S[1]_CO[1])
                                                      0.492     5.601 r  design_IP_design3_Q3_i/design_EX3_1and2_0/U0/mux_out[8]_INST_0_i_2/CO[1]
                         net (fo=9, routed)           0.875     6.475    design_IP_design3_Q3_i/design_EX3_1and2_0/U0/ALU_out0[3]
    SLICE_X2Y15          LUT5 (Prop_lut5_I0_O)        0.332     6.807 r  design_IP_design3_Q3_i/design_EX3_1and2_0/U0/mux_out[7]_INST_0_i_11/O
                         net (fo=1, routed)           0.000     6.807    design_IP_design3_Q3_i/design_EX3_1and2_0/U0/mux_out[7]_INST_0_i_11_n_0
    SLICE_X2Y15          CARRY4 (Prop_carry4_S[1]_CO[3])
                                                      0.533     7.340 r  design_IP_design3_Q3_i/design_EX3_1and2_0/U0/mux_out[7]_INST_0_i_3/CO[3]
                         net (fo=1, routed)           0.000     7.340    design_IP_design3_Q3_i/design_EX3_1and2_0/U0/mux_out[7]_INST_0_i_3_n_0
    SLICE_X2Y16          CARRY4 (Prop_carry4_CI_CO[2])
                                                      0.229     7.569 r  design_IP_design3_Q3_i/design_EX3_1and2_0/U0/mux_out[7]_INST_0_i_2/CO[2]
                         net (fo=9, routed)           1.219     8.788    design_IP_design3_Q3_i/design_EX3_1and2_0/U0/ALU_out0[2]
    SLICE_X1Y16          LUT6 (Prop_lut6_I0_O)        0.310     9.098 r  design_IP_design3_Q3_i/design_EX3_1and2_0/U0/mux_out[6]_INST_0_i_5/O
                         net (fo=1, routed)           0.000     9.098    design_IP_design3_Q3_i/design_EX3_1and2_0/U0/mux_out[6]_INST_0_i_5_n_0
    SLICE_X1Y16          CARRY4 (Prop_carry4_S[1]_CO[2])
                                                      0.570     9.668 r  design_IP_design3_Q3_i/design_EX3_1and2_0/U0/mux_out[6]_INST_0_i_2/CO[2]
                         net (fo=9, routed)           0.636    10.304    design_IP_design3_Q3_i/design_EX3_1and2_0/U0/ALU_out0[1]
    SLICE_X0Y12          LUT6 (Prop_lut6_I0_O)        0.313    10.617 r  design_IP_design3_Q3_i/design_EX3_1and2_0/U0/mux_out[6]_INST_0_i_1/O
                         net (fo=1, routed)           0.280    10.897    design_IP_design3_Q3_i/design_EX3_1and2_0/U0/mux_out[6]_INST_0_i_1_n_0
    SLICE_X0Y12          LUT6 (Prop_lut6_I0_O)        0.124    11.021 r  design_IP_design3_Q3_i/design_EX3_1and2_0/U0/mux_out[6]_INST_0/O
                         net (fo=1, routed)           2.077    13.098    mux_out_0_OBUF[6]
    U14                  OBUF (Prop_obuf_I_O)         3.506    16.604 r  mux_out_0_OBUF[6]_inst/O
                         net (fo=0)                   0.000    16.604    mux_out_0[6]
    U14                                                               r  mux_out_0[6] (OUT)
  -------------------------------------------------------------------    -------------------

Slack:                    inf
  Source:                 Addr_0[3]
                            (input port)
  Destination:            mux_out_0[7]
                            (output port)
  Path Group:             (none)
  Path Type:              Max at Slow Process Corner
  Data Path Delay:        15.628ns  (logic 7.093ns (45.388%)  route 8.535ns (54.612%))
  Logic Levels:           9  (CARRY4=3 IBUF=1 LUT4=1 LUT5=1 LUT6=2 OBUF=1)

    Location             Delay type                Incr(ns)  Path(ns)    Netlist Resource(s)
  -------------------------------------------------------------------    -------------------
    W17                                               0.000     0.000 r  Addr_0[3] (IN)
                         net (fo=0)                   0.000     0.000    Addr_0[3]
    W17                  IBUF (Prop_ibuf_I_O)         1.448     1.448 r  Addr_0_IBUF[3]_inst/O
                         net (fo=120, routed)         3.536     4.985    design_IP_design3_Q3_i/design_EX3_1and2_0/U0/Addr[3]
    SLICE_X2Y14          LUT4 (Prop_lut4_I3_O)        0.124     5.109 r  design_IP_design3_Q3_i/design_EX3_1and2_0/U0/mux_out[8]_INST_0_i_6/O
                         net (fo=1, routed)           0.000     5.109    design_IP_design3_Q3_i/design_EX3_1and2_0/U0/mux_out[8]_INST_0_i_6_n_0
    SLICE_X2Y14          CARRY4 (Prop_carry4_S[1]_CO[1])
                                                      0.492     5.601 r  design_IP_design3_Q3_i/design_EX3_1and2_0/U0/mux_out[8]_INST_0_i_2/CO[1]
                         net (fo=9, routed)           0.875     6.475    design_IP_design3_Q3_i/design_EX3_1and2_0/U0/ALU_out0[3]
    SLICE_X2Y15          LUT5 (Prop_lut5_I0_O)        0.332     6.807 r  design_IP_design3_Q3_i/design_EX3_1and2_0/U0/mux_out[7]_INST_0_i_11/O
                         net (fo=1, routed)           0.000     6.807    design_IP_design3_Q3_i/design_EX3_1and2_0/U0/mux_out[7]_INST_0_i_11_n_0
    SLICE_X2Y15          CARRY4 (Prop_carry4_S[1]_CO[3])
                                                      0.533     7.340 r  design_IP_design3_Q3_i/design_EX3_1and2_0/U0/mux_out[7]_INST_0_i_3/CO[3]
                         net (fo=1, routed)           0.000     7.340    design_IP_design3_Q3_i/design_EX3_1and2_0/U0/mux_out[7]_INST_0_i_3_n_0
    SLICE_X2Y16          CARRY4 (Prop_carry4_CI_CO[2])
                                                      0.229     7.569 r  design_IP_design3_Q3_i/design_EX3_1and2_0/U0/mux_out[7]_INST_0_i_2/CO[2]
                         net (fo=9, routed)           1.256     8.825    design_IP_design3_Q3_i/design_EX3_1and2_0/U0/ALU_out0[2]
    SLICE_X1Y11          LUT6 (Prop_lut6_I0_O)        0.310     9.135 r  design_IP_design3_Q3_i/design_EX3_1and2_0/U0/mux_out[7]_INST_0_i_1/O
                         net (fo=1, routed)           0.798     9.933    design_IP_design3_Q3_i/design_EX3_1and2_0/U0/mux_out[7]_INST_0_i_1_n_0
    SLICE_X0Y11          LUT6 (Prop_lut6_I0_O)        0.124    10.057 r  design_IP_design3_Q3_i/design_EX3_1and2_0/U0/mux_out[7]_INST_0/O
                         net (fo=1, routed)           2.070    12.127    mux_out_0_OBUF[7]
    V14                  OBUF (Prop_obuf_I_O)         3.501    15.628 r  mux_out_0_OBUF[7]_inst/O
                         net (fo=0)                   0.000    15.628    mux_out_0[7]
    V14                                                               r  mux_out_0[7] (OUT)
  -------------------------------------------------------------------    -------------------

Slack:                    inf
  Source:                 Addr_0[1]
                            (input port)
  Destination:            mux_out_0[9]
                            (output port)
  Path Group:             (none)
  Path Type:              Max at Slow Process Corner
  Data Path Delay:        15.521ns  (logic 6.816ns (43.911%)  route 8.706ns (56.089%))
  Logic Levels:           8  (CARRY4=3 IBUF=1 LUT4=1 LUT5=1 LUT6=1 OBUF=1)

    Location             Delay type                Incr(ns)  Path(ns)    Netlist Resource(s)
  -------------------------------------------------------------------    -------------------
    V16                                               0.000     0.000 r  Addr_0[1] (IN)
                         net (fo=0)                   0.000     0.000    Addr_0[1]
    V16                  IBUF (Prop_ibuf_I_O)         1.461     1.461 r  Addr_0_IBUF[1]_inst/O
                         net (fo=119, routed)         1.828     3.289    design_IP_design3_Q3_i/design_EX3_1and2_0/U0/Addr[1]
    SLICE_X5Y10          LUT4 (Prop_lut4_I0_O)        0.124     3.413 r  design_IP_design3_Q3_i/design_EX3_1and2_0/U0/mux_out[1]_INST_0_i_9/O
                         net (fo=1, routed)           0.000     3.413    design_IP_design3_Q3_i/design_EX3_1and2_0/U0/mux_out[1]_INST_0_i_9_n_0
    SLICE_X5Y10          CARRY4 (Prop_carry4_S[1]_CO[3])
                                                      0.550     3.963 r  design_IP_design3_Q3_i/design_EX3_1and2_0/U0/mux_out[1]_INST_0_i_3/CO[3]
                         net (fo=1, routed)           0.000     3.963    design_IP_design3_Q3_i/design_EX3_1and2_0/U0/mux_out[1]_INST_0_i_3_n_0
    SLICE_X5Y11          CARRY4 (Prop_carry4_CI_O[2])
                                                      0.239     4.202 r  design_IP_design3_Q3_i/design_EX3_1and2_0/U0/mux_out[9]_INST_0_i_14/O[2]
                         net (fo=3, routed)           1.147     5.349    design_IP_design3_Q3_i/design_EX3_1and2_0/U0/mux_out[9]_INST_0_i_14_n_5
    SLICE_X6Y11          LUT5 (Prop_lut5_I4_O)        0.302     5.651 r  design_IP_design3_Q3_i/design_EX3_1and2_0/U0/mux_out[9]_INST_0_i_4/O
                         net (fo=1, routed)           0.472     6.123    design_IP_design3_Q3_i/design_EX3_1and2_0/U0/mux_out[9]_INST_0_i_4_n_0
    SLICE_X4Y11          CARRY4 (Prop_carry4_DI[1]_CO[3])
                                                      0.507     6.630 r  design_IP_design3_Q3_i/design_EX3_1and2_0/U0/mux_out[9]_INST_0_i_1/CO[3]
                         net (fo=1, routed)           0.966     7.596    design_IP_design3_Q3_i/design_EX3_1and2_0/U0/data2[9]
    SLICE_X6Y11          LUT6 (Prop_lut6_I0_O)        0.124     7.720 r  design_IP_design3_Q3_i/design_EX3_1and2_0/U0/mux_out[9]_INST_0/O
                         net (fo=1, routed)           4.293    12.013    mux_out_0_OBUF[9]
    V3                   OBUF (Prop_obuf_I_O)         3.508    15.521 r  mux_out_0_OBUF[9]_inst/O
                         net (fo=0)                   0.000    15.521    mux_out_0[9]
    V3                                                                r  mux_out_0[9] (OUT)
  -------------------------------------------------------------------    -------------------

Slack:                    inf
  Source:                 Addr_0[1]
                            (input port)
  Destination:            mux_out_0[8]
                            (output port)
  Path Group:             (none)
  Path Type:              Max at Slow Process Corner
  Data Path Delay:        13.635ns  (logic 7.143ns (52.390%)  route 6.492ns (47.610%))
  Logic Levels:           9  (CARRY4=3 IBUF=1 LUT4=1 LUT5=1 LUT6=2 OBUF=1)

    Location             Delay type                Incr(ns)  Path(ns)    Netlist Resource(s)
  -------------------------------------------------------------------    -------------------
    V16                                               0.000     0.000 r  Addr_0[1] (IN)
                         net (fo=0)                   0.000     0.000    Addr_0[1]
    V16                  IBUF (Prop_ibuf_I_O)         1.461     1.461 r  Addr_0_IBUF[1]_inst/O
                         net (fo=119, routed)         1.828     3.289    design_IP_design3_Q3_i/design_EX3_1and2_0/U0/Addr[1]
    SLICE_X5Y10          LUT4 (Prop_lut4_I0_O)        0.124     3.413 r  design_IP_design3_Q3_i/design_EX3_1and2_0/U0/mux_out[1]_INST_0_i_9/O
                         net (fo=1, routed)           0.000     3.413    design_IP_design3_Q3_i/design_EX3_1and2_0/U0/mux_out[1]_INST_0_i_9_n_0
    SLICE_X5Y10          CARRY4 (Prop_carry4_S[1]_CO[3])
                                                      0.550     3.963 r  design_IP_design3_Q3_i/design_EX3_1and2_0/U0/mux_out[1]_INST_0_i_3/CO[3]
                         net (fo=1, routed)           0.000     3.963    design_IP_design3_Q3_i/design_EX3_1and2_0/U0/mux_out[1]_INST_0_i_3_n_0
    SLICE_X5Y11          CARRY4 (Prop_carry4_CI_O[2])
                                                      0.239     4.202 r  design_IP_design3_Q3_i/design_EX3_1and2_0/U0/mux_out[9]_INST_0_i_14/O[2]
                         net (fo=3, routed)           1.147     5.349    design_IP_design3_Q3_i/design_EX3_1and2_0/U0/mux_out[9]_INST_0_i_14_n_5
    SLICE_X6Y11          LUT5 (Prop_lut5_I4_O)        0.302     5.651 r  design_IP_design3_Q3_i/design_EX3_1and2_0/U0/mux_out[9]_INST_0_i_4/O
                         net (fo=1, routed)           0.472     6.123    design_IP_design3_Q3_i/design_EX3_1and2_0/U0/mux_out[9]_INST_0_i_4_n_0
    SLICE_X4Y11          CARRY4 (Prop_carry4_DI[1]_O[2])
                                                      0.537     6.660 r  design_IP_design3_Q3_i/design_EX3_1and2_0/U0/mux_out[9]_INST_0_i_1/O[2]
                         net (fo=1, routed)           0.449     7.109    design_IP_design3_Q3_i/design_EX3_1and2_0/U0/data2[8]
    SLICE_X2Y11          LUT6 (Prop_lut6_I1_O)        0.302     7.411 r  design_IP_design3_Q3_i/design_EX3_1and2_0/U0/mux_out[8]_INST_0_i_1/O
                         net (fo=1, routed)           0.580     7.991    design_IP_design3_Q3_i/design_EX3_1and2_0/U0/mux_out[8]_INST_0_i_1_n_0
    SLICE_X0Y10          LUT6 (Prop_lut6_I0_O)        0.124     8.115 r  design_IP_design3_Q3_i/design_EX3_1and2_0/U0/mux_out[8]_INST_0/O
                         net (fo=1, routed)           2.016    10.131    mux_out_0_OBUF[8]
    V13                  OBUF (Prop_obuf_I_O)         3.504    13.635 r  mux_out_0_OBUF[8]_inst/O
                         net (fo=0)                   0.000    13.635    mux_out_0[8]
    V13                                                               r  mux_out_0[8] (OUT)
  -------------------------------------------------------------------    -------------------





Min Delay Paths
--------------------------------------------------------------------------------------
Slack:                    inf
  Source:                 Addr_0[3]
                            (input port)
  Destination:            mux_out_0[0]
                            (output port)
  Path Group:             (none)
  Path Type:              Min at Fast Process Corner
  Data Path Delay:        2.321ns  (logic 1.468ns (63.218%)  route 0.854ns (36.782%))
  Logic Levels:           3  (IBUF=1 LUT6=1 OBUF=1)

    Location             Delay type                Incr(ns)  Path(ns)    Netlist Resource(s)
  -------------------------------------------------------------------    -------------------
    W17                                               0.000     0.000 r  Addr_0[3] (IN)
                         net (fo=0)                   0.000     0.000    Addr_0[3]
    W17                  IBUF (Prop_ibuf_I_O)         0.217     0.217 r  Addr_0_IBUF[3]_inst/O
                         net (fo=120, routed)         0.433     0.649    design_IP_design3_Q3_i/design_EX3_1and2_0/U0/Addr[3]
    SLICE_X0Y10          LUT6 (Prop_lut6_I2_O)        0.045     0.694 r  design_IP_design3_Q3_i/design_EX3_1and2_0/U0/mux_out[0]_INST_0/O
                         net (fo=1, routed)           0.421     1.116    mux_out_0_OBUF[0]
    U16                  OBUF (Prop_obuf_I_O)         1.206     2.321 r  mux_out_0_OBUF[0]_inst/O
                         net (fo=0)                   0.000     2.321    mux_out_0[0]
    U16                                                               r  mux_out_0[0] (OUT)
  -------------------------------------------------------------------    -------------------

Slack:                    inf
  Source:                 Addr_0[1]
                            (input port)
  Destination:            mux_out_0[5]
                            (output port)
  Path Group:             (none)
  Path Type:              Min at Fast Process Corner
  Data Path Delay:        2.379ns  (logic 1.490ns (62.634%)  route 0.889ns (37.366%))
  Logic Levels:           3  (IBUF=1 LUT6=1 OBUF=1)

    Location             Delay type                Incr(ns)  Path(ns)    Netlist Resource(s)
  -------------------------------------------------------------------    -------------------
    V16                                               0.000     0.000 r  Addr_0[1] (IN)
                         net (fo=0)                   0.000     0.000    Addr_0[1]
    V16                  IBUF (Prop_ibuf_I_O)         0.229     0.229 r  Addr_0_IBUF[1]_inst/O
                         net (fo=119, routed)         0.470     0.699    design_IP_design3_Q3_i/design_EX3_1and2_0/U0/Addr[1]
    SLICE_X0Y10          LUT6 (Prop_lut6_I3_O)        0.045     0.744 r  design_IP_design3_Q3_i/design_EX3_1and2_0/U0/mux_out[5]_INST_0/O
                         net (fo=1, routed)           0.419     1.163    mux_out_0_OBUF[5]
    U15                  OBUF (Prop_obuf_I_O)         1.216     2.379 r  mux_out_0_OBUF[5]_inst/O
                         net (fo=0)                   0.000     2.379    mux_out_0[5]
    U15                                                               r  mux_out_0[5] (OUT)
  -------------------------------------------------------------------    -------------------

Slack:                    inf
  Source:                 Addr_0[2]
                            (input port)
  Destination:            mux_out_0[3]
                            (output port)
  Path Group:             (none)
  Path Type:              Min at Fast Process Corner
  Data Path Delay:        2.398ns  (logic 1.487ns (61.997%)  route 0.911ns (38.002%))
  Logic Levels:           3  (IBUF=1 LUT6=1 OBUF=1)

    Location             Delay type                Incr(ns)  Path(ns)    Netlist Resource(s)
  -------------------------------------------------------------------    -------------------
    W16                                               0.000     0.000 r  Addr_0[2] (IN)
                         net (fo=0)                   0.000     0.000    Addr_0[2]
    W16                  IBUF (Prop_ibuf_I_O)         0.232     0.232 r  Addr_0_IBUF[2]_inst/O
                         net (fo=120, routed)         0.497     0.729    design_IP_design3_Q3_i/design_EX3_1and2_0/U0/Addr[2]
    SLICE_X0Y12          LUT6 (Prop_lut6_I1_O)        0.045     0.774 r  design_IP_design3_Q3_i/design_EX3_1and2_0/U0/mux_out[3]_INST_0/O
                         net (fo=1, routed)           0.414     1.188    mux_out_0_OBUF[3]
    V19                  OBUF (Prop_obuf_I_O)         1.210     2.398 r  mux_out_0_OBUF[3]_inst/O
                         net (fo=0)                   0.000     2.398    mux_out_0[3]
    V19                                                               r  mux_out_0[3] (OUT)
  -------------------------------------------------------------------    -------------------

Slack:                    inf
  Source:                 Addr_0[1]
                            (input port)
  Destination:            mux_out_0[8]
                            (output port)
  Path Group:             (none)
  Path Type:              Min at Fast Process Corner
  Data Path Delay:        2.404ns  (logic 1.480ns (61.554%)  route 0.924ns (38.446%))
  Logic Levels:           3  (IBUF=1 LUT6=1 OBUF=1)

    Location             Delay type                Incr(ns)  Path(ns)    Netlist Resource(s)
  -------------------------------------------------------------------    -------------------
    V16                                               0.000     0.000 r  Addr_0[1] (IN)
                         net (fo=0)                   0.000     0.000    Addr_0[1]
    V16                  IBUF (Prop_ibuf_I_O)         0.229     0.229 r  Addr_0_IBUF[1]_inst/O
                         net (fo=119, routed)         0.440     0.669    design_IP_design3_Q3_i/design_EX3_1and2_0/U0/Addr[1]
    SLICE_X0Y10          LUT6 (Prop_lut6_I4_O)        0.045     0.714 r  design_IP_design3_Q3_i/design_EX3_1and2_0/U0/mux_out[8]_INST_0/O
                         net (fo=1, routed)           0.484     1.198    mux_out_0_OBUF[8]
    V13                  OBUF (Prop_obuf_I_O)         1.205     2.404 r  mux_out_0_OBUF[8]_inst/O
                         net (fo=0)                   0.000     2.404    mux_out_0[8]
    V13                                                               r  mux_out_0[8] (OUT)
  -------------------------------------------------------------------    -------------------

Slack:                    inf
  Source:                 Addr_0[1]
                            (input port)
  Destination:            mux_out_0[7]
                            (output port)
  Path Group:             (none)
  Path Type:              Min at Fast Process Corner
  Data Path Delay:        2.409ns  (logic 1.476ns (61.287%)  route 0.932ns (38.713%))
  Logic Levels:           3  (IBUF=1 LUT6=1 OBUF=1)

    Location             Delay type                Incr(ns)  Path(ns)    Netlist Resource(s)
  -------------------------------------------------------------------    -------------------
    V16                                               0.000     0.000 r  Addr_0[1] (IN)
                         net (fo=0)                   0.000     0.000    Addr_0[1]
    V16                  IBUF (Prop_ibuf_I_O)         0.229     0.229 r  Addr_0_IBUF[1]_inst/O
                         net (fo=119, routed)         0.441     0.670    design_IP_design3_Q3_i/design_EX3_1and2_0/U0/Addr[1]
    SLICE_X0Y11          LUT6 (Prop_lut6_I4_O)        0.045     0.715 r  design_IP_design3_Q3_i/design_EX3_1and2_0/U0/mux_out[7]_INST_0/O
                         net (fo=1, routed)           0.491     1.207    mux_out_0_OBUF[7]
    V14                  OBUF (Prop_obuf_I_O)         1.202     2.409 r  mux_out_0_OBUF[7]_inst/O
                         net (fo=0)                   0.000     2.409    mux_out_0[7]
    V14                                                               r  mux_out_0[7] (OUT)
  -------------------------------------------------------------------    -------------------

Slack:                    inf
  Source:                 Addr_0[0]
                            (input port)
  Destination:            mux_out_0[2]
                            (output port)
  Path Group:             (none)
  Path Type:              Min at Fast Process Corner
  Data Path Delay:        2.447ns  (logic 1.468ns (60.000%)  route 0.979ns (40.000%))
  Logic Levels:           3  (IBUF=1 LUT6=1 OBUF=1)

    Location             Delay type                Incr(ns)  Path(ns)    Netlist Resource(s)
  -------------------------------------------------------------------    -------------------
    V17                                               0.000     0.000 r  Addr_0[0] (IN)
                         net (fo=0)                   0.000     0.000    Addr_0[0]
    V17                  IBUF (Prop_ibuf_I_O)         0.221     0.221 r  Addr_0_IBUF[0]_inst/O
                         net (fo=111, routed)         0.554     0.775    design_IP_design3_Q3_i/design_EX3_1and2_0/U0/Addr[0]
    SLICE_X0Y12          LUT6 (Prop_lut6_I4_O)        0.045     0.820 r  design_IP_design3_Q3_i/design_EX3_1and2_0/U0/mux_out[2]_INST_0/O
                         net (fo=1, routed)           0.425     1.245    mux_out_0_OBUF[2]
    U19                  OBUF (Prop_obuf_I_O)         1.202     2.447 r  mux_out_0_OBUF[2]_inst/O
                         net (fo=0)                   0.000     2.447    mux_out_0[2]
    U19                                                               r  mux_out_0[2] (OUT)
  -------------------------------------------------------------------    -------------------

Slack:                    inf
  Source:                 Addr_0[2]
                            (input port)
  Destination:            mux_out_0[6]
                            (output port)
  Path Group:             (none)
  Path Type:              Min at Fast Process Corner
  Data Path Delay:        2.640ns  (logic 1.484ns (56.224%)  route 1.156ns (43.776%))
  Logic Levels:           3  (IBUF=1 LUT6=1 OBUF=1)

    Location             Delay type                Incr(ns)  Path(ns)    Netlist Resource(s)
  -------------------------------------------------------------------    -------------------
    W16                                               0.000     0.000 r  Addr_0[2] (IN)
                         net (fo=0)                   0.000     0.000    Addr_0[2]
    W16                  IBUF (Prop_ibuf_I_O)         0.232     0.232 r  Addr_0_IBUF[2]_inst/O
                         net (fo=120, routed)         0.649     0.881    design_IP_design3_Q3_i/design_EX3_1and2_0/U0/Addr[2]
    SLICE_X0Y12          LUT6 (Prop_lut6_I1_O)        0.045     0.926 r  design_IP_design3_Q3_i/design_EX3_1and2_0/U0/mux_out[6]_INST_0/O
                         net (fo=1, routed)           0.506     1.432    mux_out_0_OBUF[6]
    U14                  OBUF (Prop_obuf_I_O)         1.207     2.640 r  mux_out_0_OBUF[6]_inst/O
                         net (fo=0)                   0.000     2.640    mux_out_0[6]
    U14                                                               r  mux_out_0[6] (OUT)
  -------------------------------------------------------------------    -------------------

Slack:                    inf
  Source:                 Addr_0[2]
                            (input port)
  Destination:            mux_out_0[4]
                            (output port)
  Path Group:             (none)
  Path Type:              Min at Fast Process Corner
  Data Path Delay:        2.722ns  (logic 1.531ns (56.259%)  route 1.191ns (43.741%))
  Logic Levels:           4  (IBUF=1 LUT4=1 LUT6=1 OBUF=1)

    Location             Delay type                Incr(ns)  Path(ns)    Netlist Resource(s)
  -------------------------------------------------------------------    -------------------
    W16                                               0.000     0.000 f  Addr_0[2] (IN)
                         net (fo=0)                   0.000     0.000    Addr_0[2]
    W16                  IBUF (Prop_ibuf_I_O)         0.232     0.232 f  Addr_0_IBUF[2]_inst/O
                         net (fo=120, routed)         0.602     0.834    design_IP_design3_Q3_i/design_EX3_1and2_0/U0/Addr[2]
    SLICE_X1Y13          LUT4 (Prop_lut4_I2_O)        0.045     0.879 r  design_IP_design3_Q3_i/design_EX3_1and2_0/U0/mux_out[4]_INST_0_i_6/O
                         net (fo=1, routed)           0.153     1.032    design_IP_design3_Q3_i/design_EX3_1and2_0/U0/mux_out[4]_INST_0_i_6_n_0
    SLICE_X2Y12          LUT6 (Prop_lut6_I5_O)        0.045     1.077 r  design_IP_design3_Q3_i/design_EX3_1and2_0/U0/mux_out[4]_INST_0/O
                         net (fo=1, routed)           0.435     1.513    mux_out_0_OBUF[4]
    W18                  OBUF (Prop_obuf_I_O)         1.210     2.722 r  mux_out_0_OBUF[4]_inst/O
                         net (fo=0)                   0.000     2.722    mux_out_0[4]
    W18                                                               r  mux_out_0[4] (OUT)
  -------------------------------------------------------------------    -------------------

Slack:                    inf
  Source:                 Addr_0[0]
                            (input port)
  Destination:            mux_out_0[1]
                            (output port)
  Path Group:             (none)
  Path Type:              Min at Fast Process Corner
  Data Path Delay:        2.795ns  (logic 1.497ns (53.542%)  route 1.299ns (46.458%))
  Logic Levels:           3  (IBUF=1 LUT6=1 OBUF=1)

    Location             Delay type                Incr(ns)  Path(ns)    Netlist Resource(s)
  -------------------------------------------------------------------    -------------------
    V17                                               0.000     0.000 r  Addr_0[0] (IN)
                         net (fo=0)                   0.000     0.000    Addr_0[0]
    V17                  IBUF (Prop_ibuf_I_O)         0.221     0.221 r  Addr_0_IBUF[0]_inst/O
                         net (fo=111, routed)         0.507     0.728    design_IP_design3_Q3_i/design_EX3_1and2_0/U0/Addr[0]
    SLICE_X0Y10          LUT6 (Prop_lut6_I3_O)        0.045     0.773 r  design_IP_design3_Q3_i/design_EX3_1and2_0/U0/mux_out[1]_INST_0/O
                         net (fo=1, routed)           0.791     1.565    mux_out_0_OBUF[1]
    E19                  OBUF (Prop_obuf_I_O)         1.231     2.795 r  mux_out_0_OBUF[1]_inst/O
                         net (fo=0)                   0.000     2.795    mux_out_0[1]
    E19                                                               r  mux_out_0[1] (OUT)
  -------------------------------------------------------------------    -------------------

Slack:                    inf
  Source:                 Addr_0[1]
                            (input port)
  Destination:            mux_out_0[11]
                            (output port)
  Path Group:             (none)
  Path Type:              Min at Fast Process Corner
  Data Path Delay:        3.693ns  (logic 1.479ns (40.055%)  route 2.214ns (59.945%))
  Logic Levels:           3  (IBUF=1 LUT5=1 OBUF=1)

    Location             Delay type                Incr(ns)  Path(ns)    Netlist Resource(s)
  -------------------------------------------------------------------    -------------------
    V16                                               0.000     0.000 r  Addr_0[1] (IN)
                         net (fo=0)                   0.000     0.000    Addr_0[1]
    V16                  IBUF (Prop_ibuf_I_O)         0.229     0.229 r  Addr_0_IBUF[1]_inst/O
                         net (fo=119, routed)         0.578     0.807    design_IP_design3_Q3_i/design_EX3_1and2_0/U0/Addr[1]
    SLICE_X3Y13          LUT5 (Prop_lut5_I3_O)        0.045     0.852 r  design_IP_design3_Q3_i/design_EX3_1and2_0/U0/mux_out[11]_INST_0/O
                         net (fo=1, routed)           1.636     2.488    mux_out_0_OBUF[11]
    U3                   OBUF (Prop_obuf_I_O)         1.205     3.693 r  mux_out_0_OBUF[11]_inst/O
                         net (fo=0)                   0.000     3.693    mux_out_0[11]
    U3                                                                r  mux_out_0[11] (OUT)
  -------------------------------------------------------------------    -------------------





