
*** Running vivado
    with args -log design_IP_design3_Q3_design_EX3_1and2_0_0.vds -m64 -product Vivado -mode batch -messageDb vivado.pb -notrace -source design_IP_design3_Q3_design_EX3_1and2_0_0.tcl


ECHO is off.
ECHO is off.

****** Vivado v2023.2 (64-bit)
  **** SW Build 4029153 on Fri Oct 13 20:14:34 MDT 2023
  **** IP Build 4028589 on Sat Oct 14 00:45:43 MDT 2023
  **** SharedData Build 4025554 on Tue Oct 10 17:18:54 MDT 2023
    ** Copyright 1986-2022 Xilinx, Inc. All Rights Reserved.
    ** Copyright 2022-2023 Advanced Micro Devices, Inc. All Rights Reserved.

source design_IP_design3_Q3_design_EX3_1and2_0_0.tcl -notrace
create_project: Time (s): cpu = 00:00:05 ; elapsed = 00:00:07 . Memory (MB): peak = 506.793 ; gain = 221.918
INFO: [IP_Flow 19-234] Refreshing IP repositories
INFO: [IP_Flow 19-1700] Loaded user IP repository 'c:/Users/OmenLaptop/Vivado/design_EX3_1and2'.
INFO: [IP_Flow 19-2313] Loaded Vivado IP repository 'C:/Xilinx/Vivado/2023.2/data/ip'.
INFO: [IP_Flow 19-6924] IPCACHE: Running cache check for IP inst: design_IP_design3_Q3_design_EX3_1and2_0_0
Command: synth_design -top design_IP_design3_Q3_design_EX3_1and2_0_0 -part xc7a35tcpg236-1 -incremental_mode off -mode out_of_context
Starting synth_design
Attempting to get a license for feature 'Synthesis' and/or device 'xc7a35t'
INFO: [Common 17-349] Got license for feature 'Synthesis' and/or device 'xc7a35t'
INFO: [Device 21-403] Loading part xc7a35tcpg236-1
INFO: [Synth 8-7079] Multithreading enabled for synth_design using a maximum of 2 processes.
INFO: [Synth 8-7078] Launching helper process for spawning children vivado processes
INFO: [Synth 8-7075] Helper process launched with PID 3408
---------------------------------------------------------------------------------
Starting RTL Elaboration : Time (s): cpu = 00:00:02 ; elapsed = 00:00:04 . Memory (MB): peak = 1345.719 ; gain = 439.480
---------------------------------------------------------------------------------
INFO: [Synth 8-638] synthesizing module 'design_IP_design3_Q3_design_EX3_1and2_0_0' [c:/Users/OmenLaptop/Vivado/IP_design3_Q3/IP_design3_Q3.gen/sources_1/bd/design_IP_design3_Q3/ip/design_IP_design3_Q3_design_EX3_1and2_0_0/synth/design_IP_design3_Q3_design_EX3_1and2_0_0.vhd:64]
INFO: [Synth 8-3491] module 'design_EX3_1and2' declared at 'c:/Users/OmenLaptop/Vivado/IP_design3_Q3/IP_design3_Q3.gen/sources_1/bd/design_IP_design3_Q3/ipshared/7df4/design_EX3_1and2.srcs/sources_1/new/design_EX3_1and2.vhd:17' bound to instance 'U0' of component 'design_EX3_1and2' [c:/Users/OmenLaptop/Vivado/IP_design3_Q3/IP_design3_Q3.gen/sources_1/bd/design_IP_design3_Q3/ip/design_IP_design3_Q3_design_EX3_1and2_0_0/synth/design_IP_design3_Q3_design_EX3_1and2_0_0.vhd:83]
INFO: [Synth 8-638] synthesizing module 'design_EX3_1and2' [c:/Users/OmenLaptop/Vivado/IP_design3_Q3/IP_design3_Q3.gen/sources_1/bd/design_IP_design3_Q3/ipshared/7df4/design_EX3_1and2.srcs/sources_1/new/design_EX3_1and2.vhd:23]
INFO: [Synth 8-256] done synthesizing module 'design_EX3_1and2' (0#1) [c:/Users/OmenLaptop/Vivado/IP_design3_Q3/IP_design3_Q3.gen/sources_1/bd/design_IP_design3_Q3/ipshared/7df4/design_EX3_1and2.srcs/sources_1/new/design_EX3_1and2.vhd:23]
INFO: [Synth 8-256] done synthesizing module 'design_IP_design3_Q3_design_EX3_1and2_0_0' (0#1) [c:/Users/OmenLaptop/Vivado/IP_design3_Q3/IP_design3_Q3.gen/sources_1/bd/design_IP_design3_Q3/ip/design_IP_design3_Q3_design_EX3_1and2_0_0/synth/design_IP_design3_Q3_design_EX3_1and2_0_0.vhd:64]
---------------------------------------------------------------------------------
Finished RTL Elaboration : Time (s): cpu = 00:00:03 ; elapsed = 00:00:06 . Memory (MB): peak = 1456.945 ; gain = 550.707
---------------------------------------------------------------------------------
---------------------------------------------------------------------------------
Start Handling Custom Attributes
---------------------------------------------------------------------------------
---------------------------------------------------------------------------------
Finished Handling Custom Attributes : Time (s): cpu = 00:00:03 ; elapsed = 00:00:06 . Memory (MB): peak = 1456.945 ; gain = 550.707
---------------------------------------------------------------------------------
---------------------------------------------------------------------------------
Finished RTL Optimization Phase 1 : Time (s): cpu = 00:00:03 ; elapsed = 00:00:06 . Memory (MB): peak = 1456.945 ; gain = 550.707
---------------------------------------------------------------------------------
Netlist sorting complete. Time (s): cpu = 00:00:00 ; elapsed = 00:00:00.001 . Memory (MB): peak = 1456.945 ; gain = 0.000
INFO: [Project 1-570] Preparing netlist for logic optimization

Processing XDC Constraints
Initializing timing engine
Parsing XDC File [c:/Users/OmenLaptop/Vivado/IP_design3_Q3/IP_design3_Q3.gen/sources_1/bd/design_IP_design3_Q3/ip/design_IP_design3_Q3_design_EX3_1and2_0_0/design_EX3_1and2.srcs/constrs_1/new/design_EX3_1and2_CF.xdc] for cell 'U0'
Finished Parsing XDC File [c:/Users/OmenLaptop/Vivado/IP_design3_Q3/IP_design3_Q3.gen/sources_1/bd/design_IP_design3_Q3/ip/design_IP_design3_Q3_design_EX3_1and2_0_0/design_EX3_1and2.srcs/constrs_1/new/design_EX3_1and2_CF.xdc] for cell 'U0'
INFO: [Project 1-236] Implementation specific constraints were found while reading constraint file [c:/Users/OmenLaptop/Vivado/IP_design3_Q3/IP_design3_Q3.gen/sources_1/bd/design_IP_design3_Q3/ip/design_IP_design3_Q3_design_EX3_1and2_0_0/design_EX3_1and2.srcs/constrs_1/new/design_EX3_1and2_CF.xdc]. These constraints will be ignored for synthesis but will be used in implementation. Impacted constraints are listed in the file [.Xil/design_IP_design3_Q3_design_EX3_1and2_0_0_propImpl.xdc].
Resolution: To avoid this warning, move constraints listed in [.Xil/design_IP_design3_Q3_design_EX3_1and2_0_0_propImpl.xdc] to another XDC file and exclude this new file from synthesis with the used_in_synthesis property (File Properties dialog in GUI) and re-run elaboration/synthesis.
Parsing XDC File [C:/Users/OmenLaptop/Vivado/IP_design3_Q3/IP_design3_Q3.runs/design_IP_design3_Q3_design_EX3_1and2_0_0_synth_1/dont_touch.xdc]
Finished Parsing XDC File [C:/Users/OmenLaptop/Vivado/IP_design3_Q3/IP_design3_Q3.runs/design_IP_design3_Q3_design_EX3_1and2_0_0_synth_1/dont_touch.xdc]
Completed Processing XDC Constraints

Netlist sorting complete. Time (s): cpu = 00:00:00 ; elapsed = 00:00:00 . Memory (MB): peak = 1467.754 ; gain = 0.000
INFO: [Project 1-111] Unisim Transformation Summary:
No Unisim elements were transformed.

The system cannot find the path specified.
Constraint Validation Runtime : Time (s): cpu = 00:00:00 ; elapsed = 00:00:00.019 . Memory (MB): peak = 1469.340 ; gain = 1.586
INFO: [Designutils 20-5008] Incremental synthesis strategy off
---------------------------------------------------------------------------------
Finished Constraint Validation : Time (s): cpu = 00:00:07 ; elapsed = 00:00:12 . Memory (MB): peak = 1469.340 ; gain = 563.102
---------------------------------------------------------------------------------
---------------------------------------------------------------------------------
Start Loading Part and Timing Information
---------------------------------------------------------------------------------
Loading part: xc7a35tcpg236-1
---------------------------------------------------------------------------------
Finished Loading Part and Timing Information : Time (s): cpu = 00:00:07 ; elapsed = 00:00:12 . Memory (MB): peak = 1469.340 ; gain = 563.102
---------------------------------------------------------------------------------
---------------------------------------------------------------------------------
Start Applying 'set_property' XDC Constraints
---------------------------------------------------------------------------------
Applied set_property KEEP_HIERARCHY = SOFT for U0. (constraint file  C:/Users/OmenLaptop/Vivado/IP_design3_Q3/IP_design3_Q3.runs/design_IP_design3_Q3_design_EX3_1and2_0_0_synth_1/dont_touch.xdc, line 9).
---------------------------------------------------------------------------------
Finished applying 'set_property' XDC Constraints : Time (s): cpu = 00:00:07 ; elapsed = 00:00:12 . Memory (MB): peak = 1469.340 ; gain = 563.102
---------------------------------------------------------------------------------
---------------------------------------------------------------------------------
Finished RTL Optimization Phase 2 : Time (s): cpu = 00:00:08 ; elapsed = 00:00:12 . Memory (MB): peak = 1469.340 ; gain = 563.102
---------------------------------------------------------------------------------
---------------------------------------------------------------------------------
Start RTL Component Statistics 
---------------------------------------------------------------------------------
Detailed RTL Component Info : 
+---Adders : 
	   3 Input   10 Bit       Adders := 1     
	   2 Input    6 Bit       Adders := 1     
+---XORs : 
	   2 Input     10 Bit         XORs := 1     
+---Muxes : 
	   2 Input   14 Bit        Muxes := 1     
---------------------------------------------------------------------------------
Finished RTL Component Statistics 
---------------------------------------------------------------------------------
---------------------------------------------------------------------------------
Start Part Resource Summary
---------------------------------------------------------------------------------
Part Resources:
DSPs: 90 (col length:60)
BRAMs: 100 (col length: RAMB18 60 RAMB36 30)
---------------------------------------------------------------------------------
Finished Part Resource Summary
---------------------------------------------------------------------------------
---------------------------------------------------------------------------------
Start Cross Boundary and Area Optimization
---------------------------------------------------------------------------------
WARNING: [Synth 8-7080] Parallel synthesis criteria is not met
---------------------------------------------------------------------------------
Finished Cross Boundary and Area Optimization : Time (s): cpu = 00:00:09 ; elapsed = 00:00:14 . Memory (MB): peak = 1469.340 ; gain = 563.102
---------------------------------------------------------------------------------
---------------------------------------------------------------------------------
Start Applying XDC Timing Constraints
---------------------------------------------------------------------------------
---------------------------------------------------------------------------------
Finished Applying XDC Timing Constraints : Time (s): cpu = 00:00:12 ; elapsed = 00:00:18 . Memory (MB): peak = 1469.340 ; gain = 563.102
---------------------------------------------------------------------------------
---------------------------------------------------------------------------------
Start Timing Optimization
---------------------------------------------------------------------------------
---------------------------------------------------------------------------------
Finished Timing Optimization : Time (s): cpu = 00:00:12 ; elapsed = 00:00:18 . Memory (MB): peak = 1469.340 ; gain = 563.102
---------------------------------------------------------------------------------
---------------------------------------------------------------------------------
Start Technology Mapping
---------------------------------------------------------------------------------
---------------------------------------------------------------------------------
Finished Technology Mapping : Time (s): cpu = 00:00:12 ; elapsed = 00:00:18 . Memory (MB): peak = 1469.340 ; gain = 563.102
---------------------------------------------------------------------------------
---------------------------------------------------------------------------------
Start IO Insertion
---------------------------------------------------------------------------------
---------------------------------------------------------------------------------
Start Flattening Before IO Insertion
---------------------------------------------------------------------------------
---------------------------------------------------------------------------------
Finished Flattening Before IO Insertion
---------------------------------------------------------------------------------
---------------------------------------------------------------------------------
Start Final Netlist Cleanup
---------------------------------------------------------------------------------
---------------------------------------------------------------------------------
Finished Final Netlist Cleanup
---------------------------------------------------------------------------------
---------------------------------------------------------------------------------
Finished IO Insertion : Time (s): cpu = 00:00:14 ; elapsed = 00:00:22 . Memory (MB): peak = 1469.340 ; gain = 563.102
---------------------------------------------------------------------------------
---------------------------------------------------------------------------------
Start Renaming Generated Instances
---------------------------------------------------------------------------------
---------------------------------------------------------------------------------
Finished Renaming Generated Instances : Time (s): cpu = 00:00:14 ; elapsed = 00:00:22 . Memory (MB): peak = 1469.340 ; gain = 563.102
---------------------------------------------------------------------------------
---------------------------------------------------------------------------------
Start Rebuilding User Hierarchy
---------------------------------------------------------------------------------
---------------------------------------------------------------------------------
Finished Rebuilding User Hierarchy : Time (s): cpu = 00:00:14 ; elapsed = 00:00:22 . Memory (MB): peak = 1469.340 ; gain = 563.102
---------------------------------------------------------------------------------
---------------------------------------------------------------------------------
Start Renaming Generated Ports
---------------------------------------------------------------------------------
---------------------------------------------------------------------------------
Finished Renaming Generated Ports : Time (s): cpu = 00:00:14 ; elapsed = 00:00:22 . Memory (MB): peak = 1469.340 ; gain = 563.102
---------------------------------------------------------------------------------
---------------------------------------------------------------------------------
Start Handling Custom Attributes
---------------------------------------------------------------------------------
---------------------------------------------------------------------------------
Finished Handling Custom Attributes : Time (s): cpu = 00:00:14 ; elapsed = 00:00:22 . Memory (MB): peak = 1469.340 ; gain = 563.102
---------------------------------------------------------------------------------
---------------------------------------------------------------------------------
Start Renaming Generated Nets
---------------------------------------------------------------------------------
---------------------------------------------------------------------------------
Finished Renaming Generated Nets : Time (s): cpu = 00:00:14 ; elapsed = 00:00:22 . Memory (MB): peak = 1469.340 ; gain = 563.102
---------------------------------------------------------------------------------
---------------------------------------------------------------------------------
Start Writing Synthesis Report
---------------------------------------------------------------------------------

Report BlackBoxes: 
+-+--------------+----------+
| |BlackBox name |Instances |
+-+--------------+----------+
+-+--------------+----------+

Report Cell Usage: 
+------+-------+------+
|      |Cell   |Count |
+------+-------+------+
|1     |CARRY4 |    20|
|2     |LUT2   |     6|
|3     |LUT3   |     3|
|4     |LUT4   |    48|
|5     |LUT5   |    30|
|6     |LUT6   |    45|
+------+-------+------+
---------------------------------------------------------------------------------
Finished Writing Synthesis Report : Time (s): cpu = 00:00:14 ; elapsed = 00:00:22 . Memory (MB): peak = 1469.340 ; gain = 563.102
---------------------------------------------------------------------------------
Synthesis finished with 0 errors, 0 critical warnings and 1 warnings.
Synthesis Optimization Runtime : Time (s): cpu = 00:00:10 ; elapsed = 00:00:20 . Memory (MB): peak = 1469.340 ; gain = 550.707
Synthesis Optimization Complete : Time (s): cpu = 00:00:14 ; elapsed = 00:00:22 . Memory (MB): peak = 1469.340 ; gain = 563.102
INFO: [Project 1-571] Translating synthesized netlist
Netlist sorting complete. Time (s): cpu = 00:00:00 ; elapsed = 00:00:00.002 . Memory (MB): peak = 1475.125 ; gain = 0.000
INFO: [Netlist 29-17] Analyzing 20 Unisim elements for replacement
INFO: [Netlist 29-28] Unisim Transformation completed in 0 CPU seconds
INFO: [Project 1-570] Preparing netlist for logic optimization
INFO: [Opt 31-138] Pushed 0 inverter(s) to 0 load pin(s).
Netlist sorting complete. Time (s): cpu = 00:00:00 ; elapsed = 00:00:00 . Memory (MB): peak = 1479.809 ; gain = 0.000
INFO: [Project 1-111] Unisim Transformation Summary:
No Unisim elements were transformed.

The system cannot find the path specified.
Synth Design complete | Checksum: 5bb6fd45
INFO: [Common 17-83] Releasing license: Synthesis
25 Infos, 1 Warnings, 0 Critical Warnings and 0 Errors encountered.
synth_design completed successfully
synth_design: Time (s): cpu = 00:00:16 ; elapsed = 00:00:26 . Memory (MB): peak = 1479.809 ; gain = 960.980
Write ShapeDB Complete: Time (s): cpu = 00:00:00 ; elapsed = 00:00:00.001 . Memory (MB): peak = 1479.809 ; gain = 0.000
INFO: [Common 17-1381] The checkpoint 'C:/Users/OmenLaptop/Vivado/IP_design3_Q3/IP_design3_Q3.runs/design_IP_design3_Q3_design_EX3_1and2_0_0_synth_1/design_IP_design3_Q3_design_EX3_1and2_0_0.dcp' has been generated.
INFO: [Coretcl 2-1648] Added synthesis output to IP cache for IP design_IP_design3_Q3_design_EX3_1and2_0_0, cache-ID = 85fa9ea6731eaad3
Write ShapeDB Complete: Time (s): cpu = 00:00:00 ; elapsed = 00:00:00.002 . Memory (MB): peak = 1479.809 ; gain = 0.000
INFO: [Common 17-1381] The checkpoint 'C:/Users/OmenLaptop/Vivado/IP_design3_Q3/IP_design3_Q3.runs/design_IP_design3_Q3_design_EX3_1and2_0_0_synth_1/design_IP_design3_Q3_design_EX3_1and2_0_0.dcp' has been generated.
INFO: [runtcl-4] Executing : report_utilization -file design_IP_design3_Q3_design_EX3_1and2_0_0_utilization_synth.rpt -pb design_IP_design3_Q3_design_EX3_1and2_0_0_utilization_synth.pb
INFO: [Common 17-206] Exiting Vivado at Thu Apr 18 22:10:24 2024...
